Archive member included to satisfy reference by file (symbol)

c:/st/stm32cubeide_1.6.1/stm32cubeide/plugins/com.st.stm32cube.ide.mcu.externaltools.gnu-tools-for-stm32.9-2020-q2-update.win32_1.5.0.202011040924/tools/bin/../lib/gcc/arm-none-eabi/9.3.1/../../../../arm-none-eabi/lib/thumb/v7-m/nofp\libc_nano.a(lib_a-errno.o)
                              Core/Src/syscalls.o (__errno)
c:/st/stm32cubeide_1.6.1/stm32cubeide/plugins/com.st.stm32cube.ide.mcu.externaltools.gnu-tools-for-stm32.9-2020-q2-update.win32_1.5.0.202011040924/tools/bin/../lib/gcc/arm-none-eabi/9.3.1/../../../../arm-none-eabi/lib/thumb/v7-m/nofp\libc_nano.a(lib_a-exit.o)
                              c:/st/stm32cubeide_1.6.1/stm32cubeide/plugins/com.st.stm32cube.ide.mcu.externaltools.gnu-tools-for-stm32.9-2020-q2-update.win32_1.5.0.202011040924/tools/bin/../lib/gcc/arm-none-eabi/9.3.1/../../../../arm-none-eabi/lib/thumb/v7-m/nofp/crt0.o (exit)
c:/st/stm32cubeide_1.6.1/stm32cubeide/plugins/com.st.stm32cube.ide.mcu.externaltools.gnu-tools-for-stm32.9-2020-q2-update.win32_1.5.0.202011040924/tools/bin/../lib/gcc/arm-none-eabi/9.3.1/../../../../arm-none-eabi/lib/thumb/v7-m/nofp\libc_nano.a(lib_a-impure.o)
                              c:/st/stm32cubeide_1.6.1/stm32cubeide/plugins/com.st.stm32cube.ide.mcu.externaltools.gnu-tools-for-stm32.9-2020-q2-update.win32_1.5.0.202011040924/tools/bin/../lib/gcc/arm-none-eabi/9.3.1/../../../../arm-none-eabi/lib/thumb/v7-m/nofp\libc_nano.a(lib_a-exit.o) (_global_impure_ptr)
c:/st/stm32cubeide_1.6.1/stm32cubeide/plugins/com.st.stm32cube.ide.mcu.externaltools.gnu-tools-for-stm32.9-2020-q2-update.win32_1.5.0.202011040924/tools/bin/../lib/gcc/arm-none-eabi/9.3.1/../../../../arm-none-eabi/lib/thumb/v7-m/nofp\libc_nano.a(lib_a-init.o)
                              c:/st/stm32cubeide_1.6.1/stm32cubeide/plugins/com.st.stm32cube.ide.mcu.externaltools.gnu-tools-for-stm32.9-2020-q2-update.win32_1.5.0.202011040924/tools/bin/../lib/gcc/arm-none-eabi/9.3.1/../../../../arm-none-eabi/lib/thumb/v7-m/nofp/crt0.o (__libc_init_array)
c:/st/stm32cubeide_1.6.1/stm32cubeide/plugins/com.st.stm32cube.ide.mcu.externaltools.gnu-tools-for-stm32.9-2020-q2-update.win32_1.5.0.202011040924/tools/bin/../lib/gcc/arm-none-eabi/9.3.1/../../../../arm-none-eabi/lib/thumb/v7-m/nofp\libc_nano.a(lib_a-memcpy-stub.o)
                              Drivers/FreeModbus/functions/mbfuncother.o (memcpy)
c:/st/stm32cubeide_1.6.1/stm32cubeide/plugins/com.st.stm32cube.ide.mcu.externaltools.gnu-tools-for-stm32.9-2020-q2-update.win32_1.5.0.202011040924/tools/bin/../lib/gcc/arm-none-eabi/9.3.1/../../../../arm-none-eabi/lib/thumb/v7-m/nofp\libc_nano.a(lib_a-memset.o)
                              c:/st/stm32cubeide_1.6.1/stm32cubeide/plugins/com.st.stm32cube.ide.mcu.externaltools.gnu-tools-for-stm32.9-2020-q2-update.win32_1.5.0.202011040924/tools/bin/../lib/gcc/arm-none-eabi/9.3.1/../../../../arm-none-eabi/lib/thumb/v7-m/nofp/crt0.o (memset)
c:/st/stm32cubeide_1.6.1/stm32cubeide/plugins/com.st.stm32cube.ide.mcu.externaltools.gnu-tools-for-stm32.9-2020-q2-update.win32_1.5.0.202011040924/tools/bin/../lib/gcc/arm-none-eabi/9.3.1/../../../../arm-none-eabi/lib/thumb/v7-m/nofp\libm.a(lib_a-sf_cos.o)
                              Drivers/LIB_PLC/FbGSS.o (cosf)
c:/st/stm32cubeide_1.6.1/stm32cubeide/plugins/com.st.stm32cube.ide.mcu.externaltools.gnu-tools-for-stm32.9-2020-q2-update.win32_1.5.0.202011040924/tools/bin/../lib/gcc/arm-none-eabi/9.3.1/../../../../arm-none-eabi/lib/thumb/v7-m/nofp\libm.a(lib_a-sf_sin.o)
                              Drivers/LIB_PLC/FbGSS.o (sinf)
c:/st/stm32cubeide_1.6.1/stm32cubeide/plugins/com.st.stm32cube.ide.mcu.externaltools.gnu-tools-for-stm32.9-2020-q2-update.win32_1.5.0.202011040924/tools/bin/../lib/gcc/arm-none-eabi/9.3.1/../../../../arm-none-eabi/lib/thumb/v7-m/nofp\libm.a(lib_a-ef_rem_pio2.o)
                              c:/st/stm32cubeide_1.6.1/stm32cubeide/plugins/com.st.stm32cube.ide.mcu.externaltools.gnu-tools-for-stm32.9-2020-q2-update.win32_1.5.0.202011040924/tools/bin/../lib/gcc/arm-none-eabi/9.3.1/../../../../arm-none-eabi/lib/thumb/v7-m/nofp\libm.a(lib_a-sf_cos.o) (__ieee754_rem_pio2f)
c:/st/stm32cubeide_1.6.1/stm32cubeide/plugins/com.st.stm32cube.ide.mcu.externaltools.gnu-tools-for-stm32.9-2020-q2-update.win32_1.5.0.202011040924/tools/bin/../lib/gcc/arm-none-eabi/9.3.1/../../../../arm-none-eabi/lib/thumb/v7-m/nofp\libm.a(lib_a-kf_cos.o)
                              c:/st/stm32cubeide_1.6.1/stm32cubeide/plugins/com.st.stm32cube.ide.mcu.externaltools.gnu-tools-for-stm32.9-2020-q2-update.win32_1.5.0.202011040924/tools/bin/../lib/gcc/arm-none-eabi/9.3.1/../../../../arm-none-eabi/lib/thumb/v7-m/nofp\libm.a(lib_a-sf_cos.o) (__kernel_cosf)
c:/st/stm32cubeide_1.6.1/stm32cubeide/plugins/com.st.stm32cube.ide.mcu.externaltools.gnu-tools-for-stm32.9-2020-q2-update.win32_1.5.0.202011040924/tools/bin/../lib/gcc/arm-none-eabi/9.3.1/../../../../arm-none-eabi/lib/thumb/v7-m/nofp\libm.a(lib_a-kf_rem_pio2.o)
[...]
Memory Configuration

Name             Origin             Length             Attributes
RAM              0x0000000020000000 0x0000000000005000 xrw
FLASH            0x0000000008000000 0x0000000000010000 xr
*default*        0x0000000000000000 0xffffffffffffffff

Linker script and memory map

LOAD c:/st/stm32cubeide_1.6.1/stm32cubeide/plugins/com.st.stm32cube.ide.mcu.externaltools.gnu-tools-for-stm32.9-2020-q2-update.win32_1.5.0.202011040924/tools/bin/../lib/gcc/arm-none-eabi/9.3.1/thumb/v7-m/nofp/crti.o
LOAD c:/st/stm32cubeide_1.6.1/stm32cubeide/plugins/com.st.stm32cube.ide.mcu.externaltools.gnu-tools-for-stm32.9-2020-q2-update.win32_1.5.0.202011040924/tools/bin/../lib/gcc/arm-none-eabi/9.3.1/thumb/v7-m/nofp/crtbegin.o
LOAD c:/st/stm32cubeide_1.6.1/stm32cubeide/plugins/com.st.stm32cube.ide.mcu.externaltools.gnu-tools-for-stm32.9-2020-q2-update.win32_1.5.0.202011040924/tools/bin/../lib/gcc/arm-none-eabi/9.3.1/../../../../arm-none-eabi/lib/thumb/v7-m/nofp/crt0.o
LOAD Core/Src/main.o
LOAD Core/Src/stm32f1xx_hal_msp.o
LOAD Core/Src/stm32f1xx_it.o
LOAD Core/Src/syscalls.o
LOAD Core/Src/sysmem.o
LOAD Core/Src/system_stm32f1xx.o
LOAD Core/Startup/startup_stm32f103c8tx.o
LOAD Drivers/FreeModbus/app/user_mb_app.o
LOAD Drivers/FreeModbus/app/user_mb_app_m.o
LOAD Drivers/FreeModbus/ascii/mbascii.o
LOAD Drivers/FreeModbus/functions/mbfunccoils.o
LOAD Drivers/FreeModbus/functions/mbfunccoils_m.o
LOAD Drivers/FreeModbus/functions/mbfuncdiag.o
LOAD Drivers/FreeModbus/functions/mbfuncdisc.o
LOAD Drivers/FreeModbus/functions/mbfuncdisc_m.o
LOAD Drivers/FreeModbus/functions/mbfuncholding.o
LOAD Drivers/FreeModbus/functions/mbfuncholding_m.o
LOAD Drivers/FreeModbus/functions/mbfuncinput.o
LOAD Drivers/FreeModbus/functions/mbfuncinput_m.o
LOAD Drivers/FreeModbus/functions/mbfuncother.o
LOAD Drivers/FreeModbus/functions/mbutils.o
LOAD Drivers/FreeModbus/mb.o
LOAD Drivers/FreeModbus/mb_m.o
LOAD Drivers/FreeModbus/port/portcritical.o
LOAD Drivers/FreeModbus/port/portevent.o
LOAD Drivers/FreeModbus/port/portevent_m.o
LOAD Drivers/FreeModbus/port/portserial.o
LOAD Drivers/FreeModbus/port/portserial_m.o
LOAD Drivers/FreeModbus/port/porttimer.o
LOAD Drivers/FreeModbus/port/porttimer_m.o
LOAD Drivers/FreeModbus/rtu/mbcrc.o
LOAD Drivers/FreeModbus/rtu/mbrtu.o
LOAD Drivers/FreeModbus/rtu/mbrtu_m.o
LOAD Drivers/FreeModbus/tcp/mbtcp.o
LOAD Drivers/LIB_PLC/Fb2PosControl.o
LOAD Drivers/LIB_PLC/Fb3PosControl.o
LOAD Drivers/LIB_PLC/FbBitsToWord.o
LOAD Drivers/LIB_PLC/FbBlink.o
LOAD Drivers/LIB_PLC/FbCounter.o
LOAD Drivers/LIB_PLC/FbDeadBand.o
LOAD Drivers/LIB_PLC/FbDelayN.o
LOAD Drivers/LIB_PLC/FbDeriveF.o
LOAD Drivers/LIB_PLC/FbEdgeNeg.o
LOAD Drivers/LIB_PLC/FbEdgePos.o
LOAD Drivers/LIB_PLC/FbFilterA.o
LOAD Drivers/LIB_PLC/FbFilterNaN.o
LOAD Drivers/LIB_PLC/FbGSS.o
LOAD Drivers/LIB_PLC/FbIntegrator.o
LOAD Drivers/LIB_PLC/FbLimit.o
LOAD Drivers/LIB_PLC/FbModeSelector.o
LOAD Drivers/LIB_PLC/FbPIDcontrol.o
LOAD Drivers/LIB_PLC/FbRamp.o
LOAD Drivers/LIB_PLC/FbScale.o
LOAD Drivers/LIB_PLC/FbSoftPWM.o
LOAD Drivers/LIB_PLC/FbTimerTof.o
LOAD Drivers/LIB_PLC/FbTimerTon.o
LOAD Drivers/LIB_PLC/FbTriggerRS.o
LOAD Drivers/LIB_PLC/FbTs.o
LOAD Drivers/LIB_PLC/FbWordToBits.o
LOAD Drivers/STM32F1xx_HAL_Driver/Src/stm32f1xx_hal.o
LOAD Drivers/STM32F1xx_HAL_Driver/Src/stm32f1xx_hal_cortex.o
LOAD Drivers/STM32F1xx_HAL_Driver/Src/stm32f1xx_hal_dma.o
LOAD Drivers/STM32F1xx_HAL_Driver/Src/stm32f1xx_hal_exti.o
LOAD Drivers/STM32F1xx_HAL_Driver/Src/stm32f1xx_hal_flash.o
LOAD Drivers/STM32F1xx_HAL_Driver/Src/stm32f1xx_hal_flash_ex.o
LOAD Drivers/STM32F1xx_HAL_Driver/Src/stm32f1xx_hal_gpio.o
LOAD Drivers/STM32F1xx_HAL_Driver/Src/stm32f1xx_hal_gpio_ex.o
LOAD Drivers/STM32F1xx_HAL_Driver/Src/stm32f1xx_hal_pwr.o
LOAD Drivers/STM32F1xx_HAL_Driver/Src/stm32f1xx_hal_rcc.o
LOAD Drivers/STM32F1xx_HAL_Driver/Src/stm32f1xx_hal_rcc_ex.o
LOAD Drivers/STM32F1xx_HAL_Driver/Src/stm32f1xx_hal_tim.o
LOAD Drivers/STM32F1xx_HAL_Driver/Src/stm32f1xx_hal_tim_ex.o
LOAD Drivers/STM32F1xx_HAL_Driver/Src/stm32f1xx_hal_uart.o
START GROUP
LOAD c:/st/stm32cubeide_1.6.1/stm32cubeide/plugins/com.st.stm32cube.ide.mcu.externaltools.gnu-tools-for-stm32.9-2020-q2-update.win32_1.5.0.202011040924/tools/bin/../lib/gcc/arm-none-eabi/9.3.1/../../../../arm-none-eabi/lib/thumb/v7-m/nofp\libc_nano.a
LOAD c:/st/stm32cubeide_1.6.1/stm32cubeide/plugins/com.st.stm32cube.ide.mcu.externaltools.gnu-tools-for-stm32.9-2020-q2-update.win32_1.5.0.202011040924/tools/bin/../lib/gcc/arm-none-eabi/9.3.1/../../../../arm-none-eabi/lib/thumb/v7-m/nofp\libm.a
END GROUP
START GROUP
LOAD c:/st/stm32cubeide_1.6.1/stm32cubeide/plugins/com.st.stm32cube.ide.mcu.externaltools.gnu-tools-for-stm32.9-2020-q2-update.win32_1.5.0.202011040924/tools/bin/../lib/gcc/arm-none-eabi/9.3.1/thumb/v7-m/nofp\libgcc.a
LOAD c:/st/stm32cubeide_1.6.1/stm32cubeide/plugins/com.st.stm32cube.ide.mcu.externaltools.gnu-tools-for-stm32.9-2020-q2-update.win32_1.5.0.202011040924/tools/bin/../lib/gcc/arm-none-eabi/9.3.1/../../../../arm-none-eabi/lib/thumb/v7-m/nofp\libc_nano.a
END GROUP
START GROUP
LOAD c:/st/stm32cubeide_1.6.1/stm32cubeide/plugins/com.st.stm32cube.ide.mcu.externaltools.gnu-tools-for-stm32.9-2020-q2-update.win32_1.5.0.202011040924/tools/bin/../lib/gcc/arm-none-eabi/9.3.1/thumb/v7-m/nofp\libgcc.a
LOAD c:/st/stm32cubeide_1.6.1/stm32cubeide/plugins/com.st.stm32cube.ide.mcu.externaltools.gnu-tools-for-stm32.9-2020-q2-update.win32_1.5.0.202011040924/tools/bin/../lib/gcc/arm-none-eabi/9.3.1/../../../../arm-none-eabi/lib/thumb/v7-m/nofp\libc_nano.a
LOAD c:/st/stm32cubeide_1.6.1/stm32cubeide/plugins/com.st.stm32cube.ide.mcu.externaltools.gnu-tools-for-stm32.9-2020-q2-update.win32_1.5.0.202011040924/tools/bin/../lib/gcc/arm-none-eabi/9.3.1/../../../../arm-none-eabi/lib/thumb/v7-m/nofp\libnosys.a
END GROUP
START GROUP
LOAD c:/st/stm32cubeide_1.6.1/stm32cubeide/plugins/com.st.stm32cube.ide.mcu.externaltools.gnu-tools-for-stm32.9-2020-q2-update.win32_1.5.0.202011040924/tools/bin/../lib/gcc/arm-none-eabi/9.3.1/thumb/v7-m/nofp\libgcc.a
LOAD c:/st/stm32cubeide_1.6.1/stm32cubeide/plugins/com.st.stm32cube.ide.mcu.externaltools.gnu-tools-for-stm32.9-2020-q2-update.win32_1.5.0.202011040924/tools/bin/../lib/gcc/arm-none-eabi/9.3.1/../../../../arm-none-eabi/lib/thumb/v7-m/nofp\libc_nano.a
LOAD c:/st/stm32cubeide_1.6.1/stm32cubeide/plugins/com.st.stm32cube.ide.mcu.externaltools.gnu-tools-for-stm32.9-2020-q2-update.win32_1.5.0.202011040924/tools/bin/../lib/gcc/arm-none-eabi/9.3.1/../../../../arm-none-eabi/lib/thumb/v7-m/nofp\libnosys.a
END GROUP
LOAD c:/st/stm32cubeide_1.6.1/stm32cubeide/plugins/com.st.stm32cube.ide.mcu.externaltools.gnu-tools-for-stm32.9-2020-q2-update.win32_1.5.0.202011040924/tools/bin/../lib/gcc/arm-none-eabi/9.3.1/thumb/v7-m/nofp/crtend.o
LOAD c:/st/stm32cubeide_1.6.1/stm32cubeide/plugins/com.st.stm32cube.ide.mcu.externaltools.gnu-tools-for-stm32.9-2020-q2-update.win32_1.5.0.202011040924/tools/bin/../lib/gcc/arm-none-eabi/9.3.1/thumb/v7-m/nofp/crtn.o
                0x0000000020005000                _estack = (ORIGIN (RAM) + LENGTH (RAM))
                0x0000000000000200                _Min_Heap_Size = 0x200
                0x0000000000000400                _Min_Stack_Size = 0x400

.isr_vector     0x0000000008000000      0x10c
                0x0000000008000000                . = ALIGN (0x4)
 *(.isr_vector)
 .isr_vector    0x0000000008000000      0x10c Core/Startup/startup_stm32f103c8tx.o
                0x0000000008000000                g_pfnVectors
                0x000000000800010c                . = ALIGN (0x4)

.text           0x0000000008000110     0x4f84
                0x0000000008000110                . = ALIGN (0x4)
 *(.text)
 .text          0x0000000008000110       0x40 c:/st/stm32cubeide_1.6.1/stm32cubeide/plugins/com.st.stm32cube.ide.mcu.externaltools.gnu-tools-for-stm32.9-2020-q2-update.win32_1.5.0.202011040924/tools/bin/../lib/gcc/arm-none-eabi/9.3.1/thumb/v7-m/nofp/crtbegin.o
 .text          0x0000000008000150      0x378 c:/st/stm32cubeide_1.6.1/stm32cubeide/plugins/com.st.stm32cube.ide.mcu.externaltools.gnu-tools-for-stm32.9-2020-q2-update.win32_1.5.0.202011040924/tools/bin/../lib/gcc/arm-none-eabi/9.3.1/thumb/v7-m/nofp\libgcc.a(_arm_addsubdf3.o)
                0x0000000008000150                __aeabi_drsub
                0x0000000008000158                __aeabi_dsub
                0x0000000008000158                __subdf3
                0x000000000800015c                __aeabi_dadd
                0x000000000800015c                __adddf3
                0x00000000080003d4                __floatunsidf
                0x00000000080003d4                __aeabi_ui2d
                0x00000000080003f4                __floatsidf
                0x00000000080003f4                __aeabi_i2d
                0x0000000008000418                __aeabi_f2d
                0x0000000008000418                __extendsfdf2
                0x000000000800045c                __floatundidf
                0x000000000800045c                __aeabi_ul2d
                0x000000000800046c                __floatdidf
                0x000000000800046c                __aeabi_l2d
 .text          0x00000000080004c8      0x424 c:/st/stm32cubeide_1.6.1/stm32cubeide/plugins/com.st.stm32cube.ide.mcu.externaltools.gnu-tools-for-stm32.9-2020-q2-update.win32_1.5.0.202011040924/tools/bin/../lib/gcc/arm-none-eabi/9.3.1/thumb/v7-m/nofp\libgcc.a(_arm_muldivdf3.o)
                0x00000000080004c8                __aeabi_dmul
                0x00000000080004c8                __muldf3
                0x000000000800071c                __divdf3
                0x000000000800071c                __aeabi_ddiv
 .text          0x00000000080008ec       0xa0 c:/st/stm32cubeide_1.6.1/stm32cubeide/plugins/com.st.stm32cube.ide.mcu.externaltools.gnu-tools-for-stm32.9-2020-q2-update.win32_1.5.0.202011040924/tools/bin/../lib/gcc/arm-none-eabi/9.3.1/thumb/v7-m/nofp\libgcc.a(_arm_truncdfsf2.o)
                0x00000000080008ec                __truncdfsf2
                0x00000000080008ec                __aeabi_d2f
 .text          0x000000000800098c      0x21c c:/st/stm32cubeide_1.6.1/stm32cubeide/plugins/com.st.stm32cube.ide.mcu.externaltools.gnu-tools-for-stm32.9-2020-q2-update.win32_1.5.0.202011040924/tools/bin/../lib/gcc/arm-none-eabi/9.3.1/thumb/v7-m/nofp\libgcc.a(_arm_addsubsf3.o)
                0x000000000800098c                __aeabi_frsub
                0x0000000008000994                __subsf3
                0x0000000008000994                __aeabi_fsub
                0x0000000008000998                __aeabi_fadd
                0x0000000008000998                __addsf3
                0x0000000008000af8                __aeabi_ui2f
                0x0000000008000af8                __floatunsisf
                0x0000000008000b00                __aeabi_i2f
                0x0000000008000b00                __floatsisf
                0x0000000008000b1c                __aeabi_ul2f
                0x0000000008000b1c                __floatundisf
                0x0000000008000b2c                __aeabi_l2f
                0x0000000008000b2c                __floatdisf
 .text          0x0000000008000ba8      0x2a0 c:/st/stm32cubeide_1.6.1/stm32cubeide/plugins/com.st.stm32cube.ide.mcu.externaltools.gnu-tools-for-stm32.9-2020-q2-update.win32_1.5.0.202011040924/tools/bin/../lib/gcc/arm-none-eabi/9.3.1/thumb/v7-m/nofp\libgcc.a(_arm_muldivsf3.o)
                0x0000000008000ba8                __mulsf3
                0x0000000008000ba8                __aeabi_fmul
                0x0000000008000d10                __aeabi_fdiv
                0x0000000008000d10                __divsf3
 .text          0x0000000008000e48       0xec c:/st/stm32cubeide_1.6.1/stm32cubeide/plugins/com.st.stm32cube.ide.mcu.externaltools.gnu-tools-for-stm32.9-2020-q2-update.win32_1.5.0.202011040924/tools/bin/../lib/gcc/arm-none-eabi/9.3.1/thumb/v7-m/nofp\libgcc.a(_arm_cmpsf2.o)
                0x0000000008000e48                __gesf2
                0x0000000008000e48                __gtsf2
                0x0000000008000e50                __lesf2
                0x0000000008000e50                __ltsf2
                0x0000000008000e58                __nesf2
                0x0000000008000e58                __eqsf2
                0x0000000008000e58                __cmpsf2
                0x0000000008000eb8                __aeabi_cfrcmple
                0x0000000008000ec0                __aeabi_cfcmpeq
                0x0000000008000ec0                __aeabi_cfcmple
                0x0000000008000ed0                __aeabi_fcmpeq
                0x0000000008000ee4                __aeabi_fcmplt
                0x0000000008000ef8                __aeabi_fcmple
                0x0000000008000f0c                __aeabi_fcmpge
                0x0000000008000f20                __aeabi_fcmpgt
 .text          0x0000000008000f34       0x30 c:/st/stm32cubeide_1.6.1/stm32cubeide/plugins/com.st.stm32cube.ide.mcu.externaltools.gnu-tools-for-stm32.9-2020-q2-update.win32_1.5.0.202011040924/tools/bin/../lib/gcc/arm-none-eabi/9.3.1/thumb/v7-m/nofp\libgcc.a(_aeabi_uldivmod.o)
                0x0000000008000f34                __aeabi_uldivmod
 .text          0x0000000008000f64      0x2c4 c:/st/stm32cubeide_1.6.1/stm32cubeide/plugins/com.st.stm32cube.ide.mcu.externaltools.gnu-tools-for-stm32.9-2020-q2-update.win32_1.5.0.202011040924/tools/bin/../lib/gcc/arm-none-eabi/9.3.1/thumb/v7-m/nofp\libgcc.a(_udivmoddi4.o)
                0x0000000008000f64                __udivmoddi4
 .text          0x0000000008001228        0x4 c:/st/stm32cubeide_1.6.1/stm32cubeide/plugins/com.st.stm32cube.ide.mcu.externaltools.gnu-tools-for-stm32.9-2020-q2-update.win32_1.5.0.202011040924/tools/bin/../lib/gcc/arm-none-eabi/9.3.1/thumb/v7-m/nofp\libgcc.a(_dvmd_tls.o)
                0x0000000008001228                __aeabi_idiv0
                0x0000000008001228                __aeabi_ldiv0
 *(.text*)
 .text.main     0x000000000800122c       0x22 Core/Src/main.o
                0x000000000800122c                main
 .text.SystemClock_Config
                0x000000000800124e       0x8a Core/Src/main.o
                0x000000000800124e                SystemClock_Config
 .text.MX_TIM3_Init
                0x00000000080012d8       0x98 Core/Src/main.o
 .text.MX_USART2_UART_Init
                0x0000000008001370       0x54 Core/Src/main.o
 .text.MX_GPIO_Init
                0x00000000080013c4       0xc0 Core/Src/main.o
 .text.setup    0x0000000008001484       0x80 Core/Src/main.o
                0x0000000008001484                setup
 .text.loop     0x0000000008001504       0x94 Core/Src/main.o
                0x0000000008001504                loop
 .text.FcTaskCyclic
                0x0000000008001598       0xdc Core/Src/main.o
                0x0000000008001598                FcTaskCyclic
 .text.Error_Handler
                0x0000000008001674        0xa Core/Src/main.o
                0x0000000008001674                Error_Handler
 *fill*         0x000000000800167e        0x2 
 .text.HAL_MspInit
                0x0000000008001680       0x64 Core/Src/stm32f1xx_hal_msp.o
                0x0000000008001680                HAL_MspInit
 .text.HAL_TIM_Base_MspInit
                0x00000000080016e4       0x4c Core/Src/stm32f1xx_hal_msp.o
                0x00000000080016e4                HAL_TIM_Base_MspInit
 .text.HAL_UART_MspInit
                0x0000000008001730       0xa4 Core/Src/stm32f1xx_hal_msp.o
                0x0000000008001730                HAL_UART_MspInit
 .text.NMI_Handler
                0x00000000080017d4        0x6 Core/Src/stm32f1xx_it.o
                0x00000000080017d4                NMI_Handler
 .text.HardFault_Handler
                0x00000000080017da        0x6 Core/Src/stm32f1xx_it.o
                0x00000000080017da                HardFault_Handler
 .text.MemManage_Handler
                0x00000000080017e0        0x6 Core/Src/stm32f1xx_it.o
                0x00000000080017e0                MemManage_Handler
 .text.BusFault_Handler
                0x00000000080017e6        0x6 Core/Src/stm32f1xx_it.o
                0x00000000080017e6                BusFault_Handler
 .text.UsageFault_Handler
                0x00000000080017ec        0x6 Core/Src/stm32f1xx_it.o
                0x00000000080017ec                UsageFault_Handler
 .text.SVC_Handler
                0x00000000080017f2        0xc Core/Src/stm32f1xx_it.o
                0x00000000080017f2                SVC_Handler
 .text.DebugMon_Handler
                0x00000000080017fe        0xc Core/Src/stm32f1xx_it.o
                0x00000000080017fe                DebugMon_Handler
 .text.PendSV_Handler
                0x000000000800180a        0xc Core/Src/stm32f1xx_it.o
                0x000000000800180a                PendSV_Handler
 .text.SysTick_Handler
                0x0000000008001816        0xc Core/Src/stm32f1xx_it.o
                0x0000000008001816                SysTick_Handler
 *fill*         0x0000000008001822        0x2 
 .text.TIM3_IRQHandler
                0x0000000008001824       0x14 Core/Src/stm32f1xx_it.o
                0x0000000008001824                TIM3_IRQHandler
 .text.USART2_IRQHandler
                0x0000000008001838       0x14 Core/Src/stm32f1xx_it.o
                0x0000000008001838                USART2_IRQHandler
 .text.SystemInit
                0x000000000800184c        0xc Core/Src/system_stm32f1xx.o
                0x000000000800184c                SystemInit
 .text.Reset_Handler
                0x0000000008001858       0x48 Core/Startup/startup_stm32f103c8tx.o
                0x0000000008001858                Reset_Handler
 .text.Default_Handler
                0x00000000080018a0        0x2 Core/Startup/startup_stm32f103c8tx.o
                0x00000000080018a0                RTC_Alarm_IRQHandler
                0x00000000080018a0                EXTI2_IRQHandler
                0x00000000080018a0                TIM1_CC_IRQHandler
                0x00000000080018a0                PVD_IRQHandler
                0x00000000080018a0                EXTI3_IRQHandler
                0x00000000080018a0                EXTI0_IRQHandler
                0x00000000080018a0                I2C2_EV_IRQHandler
                0x00000000080018a0                ADC1_2_IRQHandler
                0x00000000080018a0                SPI1_IRQHandler
                0x00000000080018a0                TAMPER_IRQHandler
                0x00000000080018a0                DMA1_Channel4_IRQHandler
                0x00000000080018a0                USART3_IRQHandler
                0x00000000080018a0                RTC_IRQHandler
                0x00000000080018a0                DMA1_Channel7_IRQHandler
                0x00000000080018a0                CAN1_RX1_IRQHandler
                0x00000000080018a0                TIM4_IRQHandler
                0x00000000080018a0                I2C1_EV_IRQHandler
                0x00000000080018a0                DMA1_Channel6_IRQHandler
                0x00000000080018a0                RCC_IRQHandler
                0x00000000080018a0                TIM1_TRG_COM_IRQHandler
                0x00000000080018a0                DMA1_Channel1_IRQHandler
                0x00000000080018a0                Default_Handler
                0x00000000080018a0                EXTI15_10_IRQHandler
                0x00000000080018a0                EXTI9_5_IRQHandler
                0x00000000080018a0                SPI2_IRQHandler
                0x00000000080018a0                DMA1_Channel5_IRQHandler
                0x00000000080018a0                EXTI4_IRQHandler
                0x00000000080018a0                USB_LP_CAN1_RX0_IRQHandler
                0x00000000080018a0                USB_HP_CAN1_TX_IRQHandler
                0x00000000080018a0                DMA1_Channel3_IRQHandler
                0x00000000080018a0                TIM1_UP_IRQHandler
                0x00000000080018a0                WWDG_IRQHandler
                0x00000000080018a0                TIM2_IRQHandler
                0x00000000080018a0                TIM1_BRK_IRQHandler
                0x00000000080018a0                EXTI1_IRQHandler
                0x00000000080018a0                I2C2_ER_IRQHandler
                0x00000000080018a0                DMA1_Channel2_IRQHandler
                0x00000000080018a0                CAN1_SCE_IRQHandler
                0x00000000080018a0                FLASH_IRQHandler
                0x00000000080018a0                USART1_IRQHandler
                0x00000000080018a0                I2C1_ER_IRQHandler
                0x00000000080018a0                USBWakeUp_IRQHandler
 .text.eMBRegInputCB
                0x00000000080018a2       0x1c Drivers/FreeModbus/app/user_mb_app.o
                0x00000000080018a2                eMBRegInputCB
 *fill*         0x00000000080018be        0x2 
 .text.eMBRegHoldingCB
                0x00000000080018c0      0x10c Drivers/FreeModbus/app/user_mb_app.o
                0x00000000080018c0                eMBRegHoldingCB
 .text.eMBFuncWriteHoldingRegister
                0x00000000080019cc       0x6a Drivers/FreeModbus/functions/mbfuncholding.o
                0x00000000080019cc                eMBFuncWriteHoldingRegister
 .text.eMBFuncWriteMultipleHoldingRegister
                0x0000000008001a36       0xb2 Drivers/FreeModbus/functions/mbfuncholding.o
                0x0000000008001a36                eMBFuncWriteMultipleHoldingRegister
 .text.eMBFuncReadHoldingRegister
                0x0000000008001ae8       0xe4 Drivers/FreeModbus/functions/mbfuncholding.o
                0x0000000008001ae8                eMBFuncReadHoldingRegister
 .text.eMBFuncReadWriteMultipleHoldingRegister
                0x0000000008001bcc      0x154 Drivers/FreeModbus/functions/mbfuncholding.o
                0x0000000008001bcc                eMBFuncReadWriteMultipleHoldingRegister
 .text.eMBFuncReadInputRegister
                0x0000000008001d20       0xe4 Drivers/FreeModbus/functions/mbfuncinput.o
                0x0000000008001d20                eMBFuncReadInputRegister
 .text.eMBFuncReportSlaveID
                0x0000000008001e04       0x38 Drivers/FreeModbus/functions/mbfuncother.o
                0x0000000008001e04                eMBFuncReportSlaveID
 .text.prveMBError2Exception
                0x0000000008001e3c       0x42 Drivers/FreeModbus/functions/mbutils.o
                0x0000000008001e3c                prveMBError2Exception
 *fill*         0x0000000008001e7e        0x2 
 .text.eMBInit  0x0000000008001e80       0xf8 Drivers/FreeModbus/mb.o
                0x0000000008001e80                eMBInit
 .text.eMBEnable
                0x0000000008001f78       0x38 Drivers/FreeModbus/mb.o
                0x0000000008001f78                eMBEnable
 .text.eMBPoll  0x0000000008001fb0      0x18c Drivers/FreeModbus/mb.o
                0x0000000008001fb0                eMBPoll
 .text.__critical_enter
                0x000000000800213c       0x20 Drivers/FreeModbus/port/portcritical.o
                0x000000000800213c                __critical_enter
 .text.__critical_exit
                0x000000000800215c       0x28 Drivers/FreeModbus/port/portcritical.o
                0x000000000800215c                __critical_exit
 .text.xMBPortEventInit
                0x0000000008002184       0x18 Drivers/FreeModbus/port/portevent.o
                0x0000000008002184                xMBPortEventInit
 .text.xMBPortEventPost
                0x000000000800219c       0x2c Drivers/FreeModbus/port/portevent.o
                0x000000000800219c                xMBPortEventPost
 .text.xMBPortEventGet
                0x00000000080021c8       0x3c Drivers/FreeModbus/port/portevent.o
                0x00000000080021c8                xMBPortEventGet
 .text.xMBPortSerialInit
                0x0000000008002204       0x24 Drivers/FreeModbus/port/portserial.o
                0x0000000008002204                xMBPortSerialInit
 .text.vMBPortSerialEnable
                0x0000000008002228       0x74 Drivers/FreeModbus/port/portserial.o
                0x0000000008002228                vMBPortSerialEnable
 .text.xMBPortSerialPutBytes
                0x000000000800229c       0x28 Drivers/FreeModbus/port/portserial.o
                0x000000000800229c                xMBPortSerialPutBytes
 .text.xMBPortSerialGetByte
                0x00000000080022c4       0x20 Drivers/FreeModbus/port/portserial.o
                0x00000000080022c4                xMBPortSerialGetByte
 .text.HAL_UART_RxCpltCallback
                0x00000000080022e4       0x40 Drivers/FreeModbus/port/portserial.o
                0x00000000080022e4                HAL_UART_RxCpltCallback
 .text.HAL_UART_TxCpltCallback
                0x0000000008002324       0x28 Drivers/FreeModbus/port/portserial.o
                0x0000000008002324                HAL_UART_TxCpltCallback
 .text.xMBPortTimersInit
                0x000000000800234c       0x2c Drivers/FreeModbus/port/porttimer.o
                0x000000000800234c                xMBPortTimersInit
 .text.vMBPortTimersEnable
                0x0000000008002378       0x20 Drivers/FreeModbus/port/porttimer.o
                0x0000000008002378                vMBPortTimersEnable
 .text.vMBPortTimersDisable
                0x0000000008002398       0x18 Drivers/FreeModbus/port/porttimer.o
                0x0000000008002398                vMBPortTimersDisable
 .text.HAL_TIM_PeriodElapsedCallback
                0x00000000080023b0       0x4c Drivers/FreeModbus/port/porttimer.o
                0x00000000080023b0                HAL_TIM_PeriodElapsedCallback
 .text.usMBCRC16
                0x00000000080023fc       0x6c Drivers/FreeModbus/rtu/mbcrc.o
                0x00000000080023fc                usMBCRC16
 .text.eMBRTUInit
                0x0000000008002468       0x70 Drivers/FreeModbus/rtu/mbrtu.o
                0x0000000008002468                eMBRTUInit
 .text.eMBRTUStart
                0x00000000080024d8       0x28 Drivers/FreeModbus/rtu/mbrtu.o
                0x00000000080024d8                eMBRTUStart
 .text.eMBRTUStop
                0x0000000008002500       0x1c Drivers/FreeModbus/rtu/mbrtu.o
                0x0000000008002500                eMBRTUStop
 .text.eMBRTUReceive
                0x000000000800251c       0x70 Drivers/FreeModbus/rtu/mbrtu.o
                0x000000000800251c                eMBRTUReceive
 .text.eMBRTUSend
                0x000000000800258c       0xc8 Drivers/FreeModbus/rtu/mbrtu.o
                0x000000000800258c                eMBRTUSend
 .text.xMBRTUReceiveFSM
                0x0000000008002654       0xac Drivers/FreeModbus/rtu/mbrtu.o
                0x0000000008002654                xMBRTUReceiveFSM
 .text.xMBRTUTransmitFSM
                0x0000000008002700       0x78 Drivers/FreeModbus/rtu/mbrtu.o
                0x0000000008002700                xMBRTUTransmitFSM
 .text.xMBRTUTimerT35Expired
                0x0000000008002778       0x58 Drivers/FreeModbus/rtu/mbrtu.o
                0x0000000008002778                xMBRTUTimerT35Expired
 .text.FbBlink  0x00000000080027d0       0xb4 Drivers/LIB_PLC/FbBlink.o
                0x00000000080027d0                FbBlink
 .text.FbFilterA
                0x0000000008002884       0x74 Drivers/LIB_PLC/FbFilterA.o
                0x0000000008002884                FbFilterA
 .text.FbTs     0x00000000080028f8       0xf0 Drivers/LIB_PLC/FbTs.o
                0x00000000080028f8                FbTs
 .text.HAL_Init
                0x00000000080029e8       0x2c Drivers/STM32F1xx_HAL_Driver/Src/stm32f1xx_hal.o
                0x00000000080029e8                HAL_Init
 .text.HAL_InitTick
                0x0000000008002a14       0x60 Drivers/STM32F1xx_HAL_Driver/Src/stm32f1xx_hal.o
                0x0000000008002a14                HAL_InitTick
 .text.HAL_IncTick
                0x0000000008002a74       0x24 Drivers/STM32F1xx_HAL_Driver/Src/stm32f1xx_hal.o
                0x0000000008002a74                HAL_IncTick
 .text.HAL_GetTick
                0x0000000008002a98       0x14 Drivers/STM32F1xx_HAL_Driver/Src/stm32f1xx_hal.o
                0x0000000008002a98                HAL_GetTick
 .text.__NVIC_SetPriorityGrouping
                0x0000000008002aac       0x48 Drivers/STM32F1xx_HAL_Driver/Src/stm32f1xx_hal_cortex.o
 .text.__NVIC_GetPriorityGrouping
                0x0000000008002af4       0x1c Drivers/STM32F1xx_HAL_Driver/Src/stm32f1xx_hal_cortex.o
 .text.__NVIC_EnableIRQ
                0x0000000008002b10       0x38 Drivers/STM32F1xx_HAL_Driver/Src/stm32f1xx_hal_cortex.o
 .text.__NVIC_SetPriority
                0x0000000008002b48       0x54 Drivers/STM32F1xx_HAL_Driver/Src/stm32f1xx_hal_cortex.o
 .text.NVIC_EncodePriority
                0x0000000008002b9c       0x64 Drivers/STM32F1xx_HAL_Driver/Src/stm32f1xx_hal_cortex.o
 .text.SysTick_Config
                0x0000000008002c00       0x44 Drivers/STM32F1xx_HAL_Driver/Src/stm32f1xx_hal_cortex.o
 .text.HAL_NVIC_SetPriorityGrouping
                0x0000000008002c44       0x16 Drivers/STM32F1xx_HAL_Driver/Src/stm32f1xx_hal_cortex.o
                0x0000000008002c44                HAL_NVIC_SetPriorityGrouping
 .text.HAL_NVIC_SetPriority
                0x0000000008002c5a       0x38 Drivers/STM32F1xx_HAL_Driver/Src/stm32f1xx_hal_cortex.o
                0x0000000008002c5a                HAL_NVIC_SetPriority
 .text.HAL_NVIC_EnableIRQ
                0x0000000008002c92       0x1c Drivers/STM32F1xx_HAL_Driver/Src/stm32f1xx_hal_cortex.o
                0x0000000008002c92                HAL_NVIC_EnableIRQ
 .text.HAL_SYSTICK_Config
                0x0000000008002cae       0x18 Drivers/STM32F1xx_HAL_Driver/Src/stm32f1xx_hal_cortex.o
                0x0000000008002cae                HAL_SYSTICK_Config
 .text.HAL_DMA_Abort
                0x0000000008002cc6       0x76 Drivers/STM32F1xx_HAL_Driver/Src/stm32f1xx_hal_dma.o
                0x0000000008002cc6                HAL_DMA_Abort
 .text.HAL_DMA_Abort_IT
                0x0000000008002d3c       0xf0 Drivers/STM32F1xx_HAL_Driver/Src/stm32f1xx_hal_dma.o
                0x0000000008002d3c                HAL_DMA_Abort_IT
 .text.HAL_GPIO_Init
                0x0000000008002e2c      0x308 Drivers/STM32F1xx_HAL_Driver/Src/stm32f1xx_hal_gpio.o
                0x0000000008002e2c                HAL_GPIO_Init
 .text.HAL_GPIO_WritePin
                0x0000000008003134       0x30 Drivers/STM32F1xx_HAL_Driver/Src/stm32f1xx_hal_gpio.o
                0x0000000008003134                HAL_GPIO_WritePin
 .text.HAL_RCC_OscConfig
                0x0000000008003164      0x500 Drivers/STM32F1xx_HAL_Driver/Src/stm32f1xx_hal_rcc.o
                0x0000000008003164                HAL_RCC_OscConfig
 .text.HAL_RCC_ClockConfig
                0x0000000008003664      0x1d4 Drivers/STM32F1xx_HAL_Driver/Src/stm32f1xx_hal_rcc.o
                0x0000000008003664                HAL_RCC_ClockConfig
 .text.HAL_RCC_GetSysClockFreq
                0x0000000008003838       0xa8 Drivers/STM32F1xx_HAL_Driver/Src/stm32f1xx_hal_rcc.o
                0x0000000008003838                HAL_RCC_GetSysClockFreq
 .text.HAL_RCC_GetHCLKFreq
                0x00000000080038e0       0x14 Drivers/STM32F1xx_HAL_Driver/Src/stm32f1xx_hal_rcc.o
                0x00000000080038e0                HAL_RCC_GetHCLKFreq
 .text.HAL_RCC_GetPCLK1Freq
                0x00000000080038f4       0x28 Drivers/STM32F1xx_HAL_Driver/Src/stm32f1xx_hal_rcc.o
                0x00000000080038f4                HAL_RCC_GetPCLK1Freq
 .text.HAL_RCC_GetPCLK2Freq
                0x000000000800391c       0x28 Drivers/STM32F1xx_HAL_Driver/Src/stm32f1xx_hal_rcc.o
                0x000000000800391c                HAL_RCC_GetPCLK2Freq
 .text.RCC_Delay
                0x0000000008003944       0x3c Drivers/STM32F1xx_HAL_Driver/Src/stm32f1xx_hal_rcc.o
 .text.HAL_TIM_Base_Init
                0x0000000008003980       0x9e Drivers/STM32F1xx_HAL_Driver/Src/stm32f1xx_hal_tim.o
                0x0000000008003980                HAL_TIM_Base_Init
 *fill*         0x0000000008003a1e        0x2 
 .text.HAL_TIM_Base_Start_IT
                0x0000000008003a20       0xa4 Drivers/STM32F1xx_HAL_Driver/Src/stm32f1xx_hal_tim.o
                0x0000000008003a20                HAL_TIM_Base_Start_IT
 .text.HAL_TIM_Base_Stop_IT
                0x0000000008003ac4       0x5c Drivers/STM32F1xx_HAL_Driver/Src/stm32f1xx_hal_tim.o
                0x0000000008003ac4                HAL_TIM_Base_Stop_IT
 .text.HAL_TIM_IRQHandler
                0x0000000008003b20      0x210 Drivers/STM32F1xx_HAL_Driver/Src/stm32f1xx_hal_tim.o
                0x0000000008003b20                HAL_TIM_IRQHandler
 .text.HAL_TIM_ConfigClockSource
                0x0000000008003d30      0x18e Drivers/STM32F1xx_HAL_Driver/Src/stm32f1xx_hal_tim.o
                0x0000000008003d30                HAL_TIM_ConfigClockSource
 .text.HAL_TIM_OC_DelayElapsedCallback
                0x0000000008003ebe       0x12 Drivers/STM32F1xx_HAL_Driver/Src/stm32f1xx_hal_tim.o
                0x0000000008003ebe                HAL_TIM_OC_DelayElapsedCallback
 .text.HAL_TIM_IC_CaptureCallback
                0x0000000008003ed0       0x12 Drivers/STM32F1xx_HAL_Driver/Src/stm32f1xx_hal_tim.o
                0x0000000008003ed0                HAL_TIM_IC_CaptureCallback
 .text.HAL_TIM_PWM_PulseFinishedCallback
                0x0000000008003ee2       0x12 Drivers/STM32F1xx_HAL_Driver/Src/stm32f1xx_hal_tim.o
                0x0000000008003ee2                HAL_TIM_PWM_PulseFinishedCallback
 .text.HAL_TIM_TriggerCallback
                0x0000000008003ef4       0x12 Drivers/STM32F1xx_HAL_Driver/Src/stm32f1xx_hal_tim.o
                0x0000000008003ef4                HAL_TIM_TriggerCallback
 *fill*         0x0000000008003f06        0x2 
 .text.TIM_Base_SetConfig
                0x0000000008003f08       0xc4 Drivers/STM32F1xx_HAL_Driver/Src/stm32f1xx_hal_tim.o
                0x0000000008003f08                TIM_Base_SetConfig
 .text.TIM_TI1_ConfigInputStage
                0x0000000008003fcc       0x5c Drivers/STM32F1xx_HAL_Driver/Src/stm32f1xx_hal_tim.o
 .text.TIM_TI2_ConfigInputStage
                0x0000000008004028       0x5e Drivers/STM32F1xx_HAL_Driver/Src/stm32f1xx_hal_tim.o
 .text.TIM_ITRx_SetConfig
                0x0000000008004086       0x34 Drivers/STM32F1xx_HAL_Driver/Src/stm32f1xx_hal_tim.o
 .text.TIM_ETR_SetConfig
                0x00000000080040ba       0x3e Drivers/STM32F1xx_HAL_Driver/Src/stm32f1xx_hal_tim.o
                0x00000000080040ba                TIM_ETR_SetConfig
 .text.HAL_TIMEx_MasterConfigSynchronization
                0x00000000080040f8       0xbc Drivers/STM32F1xx_HAL_Driver/Src/stm32f1xx_hal_tim_ex.o
                0x00000000080040f8                HAL_TIMEx_MasterConfigSynchronization
 .text.HAL_TIMEx_CommutCallback
                0x00000000080041b4       0x12 Drivers/STM32F1xx_HAL_Driver/Src/stm32f1xx_hal_tim_ex.o
                0x00000000080041b4                HAL_TIMEx_CommutCallback
 .text.HAL_TIMEx_BreakCallback
                0x00000000080041c6       0x12 Drivers/STM32F1xx_HAL_Driver/Src/stm32f1xx_hal_tim_ex.o
                0x00000000080041c6                HAL_TIMEx_BreakCallback
 .text.HAL_UART_Init
                0x00000000080041d8       0xa0 Drivers/STM32F1xx_HAL_Driver/Src/stm32f1xx_hal_uart.o
                0x00000000080041d8                HAL_UART_Init
 .text.HAL_UART_Transmit_IT
                0x0000000008004278       0x6a Drivers/STM32F1xx_HAL_Driver/Src/stm32f1xx_hal_uart.o
                0x0000000008004278                HAL_UART_Transmit_IT
 .text.HAL_UART_Receive_IT
                0x00000000080042e2       0x4a Drivers/STM32F1xx_HAL_Driver/Src/stm32f1xx_hal_uart.o
                0x00000000080042e2                HAL_UART_Receive_IT
 .text.HAL_UART_AbortTransmit_IT
                0x000000000800432c       0xe8 Drivers/STM32F1xx_HAL_Driver/Src/stm32f1xx_hal_uart.o
                0x000000000800432c                HAL_UART_AbortTransmit_IT
 .text.HAL_UART_AbortReceive_IT
                0x0000000008004414      0x164 Drivers/STM32F1xx_HAL_Driver/Src/stm32f1xx_hal_uart.o
                0x0000000008004414                HAL_UART_AbortReceive_IT
 .text.HAL_UART_IRQHandler
                0x0000000008004578      0x524 Drivers/STM32F1xx_HAL_Driver/Src/stm32f1xx_hal_uart.o
                0x0000000008004578                HAL_UART_IRQHandler
 .text.HAL_UART_ErrorCallback
                0x0000000008004a9c       0x12 Drivers/STM32F1xx_HAL_Driver/Src/stm32f1xx_hal_uart.o
                0x0000000008004a9c                HAL_UART_ErrorCallback
 .text.HAL_UART_AbortTransmitCpltCallback
                0x0000000008004aae       0x12 Drivers/STM32F1xx_HAL_Driver/Src/stm32f1xx_hal_uart.o
                0x0000000008004aae                HAL_UART_AbortTransmitCpltCallback
 .text.HAL_UART_AbortReceiveCpltCallback
                0x0000000008004ac0       0x12 Drivers/STM32F1xx_HAL_Driver/Src/stm32f1xx_hal_uart.o
                0x0000000008004ac0                HAL_UART_AbortReceiveCpltCallback
 .text.HAL_UARTEx_RxEventCallback
                0x0000000008004ad2       0x16 Drivers/STM32F1xx_HAL_Driver/Src/stm32f1xx_hal_uart.o
                0x0000000008004ad2                HAL_UARTEx_RxEventCallback
 .text.UART_Start_Receive_IT
                0x0000000008004ae8       0x72 Drivers/STM32F1xx_HAL_Driver/Src/stm32f1xx_hal_uart.o
                0x0000000008004ae8                UART_Start_Receive_IT
 .text.UART_EndRxTransfer
                0x0000000008004b5a       0xc4 Drivers/STM32F1xx_HAL_Driver/Src/stm32f1xx_hal_uart.o
 .text.UART_DMAAbortOnError
                0x0000000008004c1e       0x28 Drivers/STM32F1xx_HAL_Driver/Src/stm32f1xx_hal_uart.o
 .text.UART_DMATxOnlyAbortCallback
                0x0000000008004c46       0x2a Drivers/STM32F1xx_HAL_Driver/Src/stm32f1xx_hal_uart.o
 .text.UART_DMARxOnlyAbortCallback
                0x0000000008004c70       0x30 Drivers/STM32F1xx_HAL_Driver/Src/stm32f1xx_hal_uart.o
 .text.UART_Transmit_IT
                0x0000000008004ca0       0x9e Drivers/STM32F1xx_HAL_Driver/Src/stm32f1xx_hal_uart.o
 .text.UART_EndTransmit_IT
                0x0000000008004d3e       0x30 Drivers/STM32F1xx_HAL_Driver/Src/stm32f1xx_hal_uart.o
 .text.UART_Receive_IT
                0x0000000008004d6e      0x17c Drivers/STM32F1xx_HAL_Driver/Src/stm32f1xx_hal_uart.o
 *fill*         0x0000000008004eea        0x2 
 .text.UART_SetConfig
                0x0000000008004eec      0x11c Drivers/STM32F1xx_HAL_Driver/Src/stm32f1xx_hal_uart.o
 .text.__libc_init_array
                0x0000000008005008       0x48 c:/st/stm32cubeide_1.6.1/stm32cubeide/plugins/com.st.stm32cube.ide.mcu.externaltools.gnu-tools-for-stm32.9-2020-q2-update.win32_1.5.0.202011040924/tools/bin/../lib/gcc/arm-none-eabi/9.3.1/../../../../arm-none-eabi/lib/thumb/v7-m/nofp\libc_nano.a(lib_a-init.o)
                0x0000000008005008                __libc_init_array
 .text.memcpy   0x0000000008005050       0x1c c:/st/stm32cubeide_1.6.1/stm32cubeide/plugins/com.st.stm32cube.ide.mcu.externaltools.gnu-tools-for-stm32.9-2020-q2-update.win32_1.5.0.202011040924/tools/bin/../lib/gcc/arm-none-eabi/9.3.1/../../../../arm-none-eabi/lib/thumb/v7-m/nofp\libc_nano.a(lib_a-memcpy-stub.o)
                0x0000000008005050                memcpy
 .text.memset   0x000000000800506c       0x10 c:/st/stm32cubeide_1.6.1/stm32cubeide/plugins/com.st.stm32cube.ide.mcu.externaltools.gnu-tools-for-stm32.9-2020-q2-update.win32_1.5.0.202011040924/tools/bin/../lib/gcc/arm-none-eabi/9.3.1/../../../../arm-none-eabi/lib/thumb/v7-m/nofp\libc_nano.a(lib_a-memset.o)
                0x000000000800506c                memset
 *(.glue_7)
 .glue_7        0x000000000800507c        0x0 linker stubs
 *(.glue_7t)
 .glue_7t       0x000000000800507c        0x0 linker stubs
 *(.eh_frame)
 .eh_frame      0x000000000800507c        0x0 c:/st/stm32cubeide_1.6.1/stm32cubeide/plugins/com.st.stm32cube.ide.mcu.externaltools.gnu-tools-for-stm32.9-2020-q2-update.win32_1.5.0.202011040924/tools/bin/../lib/gcc/arm-none-eabi/9.3.1/thumb/v7-m/nofp/crtbegin.o
 *(.init)
 .init          0x000000000800507c        0x4 c:/st/stm32cubeide_1.6.1/stm32cubeide/plugins/com.st.stm32cube.ide.mcu.externaltools.gnu-tools-for-stm32.9-2020-q2-update.win32_1.5.0.202011040924/tools/bin/../lib/gcc/arm-none-eabi/9.3.1/thumb/v7-m/nofp/crti.o
                0x000000000800507c                _init
 .init          0x0000000008005080        0x8 c:/st/stm32cubeide_1.6.1/stm32cubeide/plugins/com.st.stm32cube.ide.mcu.externaltools.gnu-tools-for-stm32.9-2020-q2-update.win32_1.5.0.202011040924/tools/bin/../lib/gcc/arm-none-eabi/9.3.1/thumb/v7-m/nofp/crtn.o
 *(.fini)
 .fini          0x0000000008005088        0x4 c:/st/stm32cubeide_1.6.1/stm32cubeide/plugins/com.st.stm32cube.ide.mcu.externaltools.gnu-tools-for-stm32.9-2020-q2-update.win32_1.5.0.202011040924/tools/bin/../lib/gcc/arm-none-eabi/9.3.1/thumb/v7-m/nofp/crti.o
                0x0000000008005088                _fini
 .fini          0x000000000800508c        0x8 c:/st/stm32cubeide_1.6.1/stm32cubeide/plugins/com.st.stm32cube.ide.mcu.externaltools.gnu-tools-for-stm32.9-2020-q2-update.win32_1.5.0.202011040924/tools/bin/../lib/gcc/arm-none-eabi/9.3.1/thumb/v7-m/nofp/crtn.o
                0x0000000008005094                . = ALIGN (0x4)
                0x0000000008005094                _etext = .

.vfp11_veneer   0x0000000008005094        0x0
 .vfp11_veneer  0x0000000008005094        0x0 linker stubs

.v4_bx          0x0000000008005094        0x0
 .v4_bx         0x0000000008005094        0x0 linker stubs

.iplt           0x0000000008005094        0x0
 .iplt          0x0000000008005094        0x0 c:/st/stm32cubeide_1.6.1/stm32cubeide/plugins/com.st.stm32cube.ide.mcu.externaltools.gnu-tools-for-stm32.9-2020-q2-update.win32_1.5.0.202011040924/tools/bin/../lib/gcc/arm-none-eabi/9.3.1/thumb/v7-m/nofp/crtbegin.o

.rodata         0x0000000008005094      0x22c
                0x0000000008005094                . = ALIGN (0x4)
 *(.rodata)
 *(.rodata*)
 .rodata.AHBPrescTable
                0x0000000008005094       0x10 Core/Src/system_stm32f1xx.o
                0x0000000008005094                AHBPrescTable
 .rodata.APBPrescTable
                0x00000000080050a4        0x8 Core/Src/system_stm32f1xx.o
                0x00000000080050a4                APBPrescTable
 .rodata.aucCRCHi
                0x00000000080050ac      0x100 Drivers/FreeModbus/rtu/mbcrc.o
 .rodata.aucCRCLo
                0x00000000080051ac      0x100 Drivers/FreeModbus/rtu/mbcrc.o
 .rodata.aPLLMULFactorTable.6196
                0x00000000080052ac       0x10 Drivers/STM32F1xx_HAL_Driver/Src/stm32f1xx_hal_rcc.o
 .rodata.aPredivFactorTable.6197
                0x00000000080052bc        0x2 Drivers/STM32F1xx_HAL_Driver/Src/stm32f1xx_hal_rcc.o
                0x00000000080052c0                . = ALIGN (0x4)
 *fill*         0x00000000080052be        0x2 

.ARM.extab      0x00000000080052c0        0x0
                0x00000000080052c0                . = ALIGN (0x4)
 *(.ARM.extab* .gnu.linkonce.armextab.*)
                0x00000000080052c0                . = ALIGN (0x4)

.ARM            0x00000000080052c0        0x8
                0x00000000080052c0                . = ALIGN (0x4)
                0x00000000080052c0                __exidx_start = .
 *(.ARM.exidx*)
 .ARM.exidx     0x00000000080052c0        0x8 c:/st/stm32cubeide_1.6.1/stm32cubeide/plugins/com.st.stm32cube.ide.mcu.externaltools.gnu-tools-for-stm32.9-2020-q2-update.win32_1.5.0.202011040924/tools/bin/../lib/gcc/arm-none-eabi/9.3.1/thumb/v7-m/nofp\libgcc.a(_udivmoddi4.o)
                0x00000000080052c8                __exidx_end = .
                0x00000000080052c8                . = ALIGN (0x4)

.rel.dyn        0x00000000080052c8        0x0
 .rel.iplt      0x00000000080052c8        0x0 c:/st/stm32cubeide_1.6.1/stm32cubeide/plugins/com.st.stm32cube.ide.mcu.externaltools.gnu-tools-for-stm32.9-2020-q2-update.win32_1.5.0.202011040924/tools/bin/../lib/gcc/arm-none-eabi/9.3.1/thumb/v7-m/nofp/crtbegin.o

.preinit_array  0x00000000080052c8        0x0
                0x00000000080052c8                . = ALIGN (0x4)
                0x00000000080052c8                PROVIDE (__preinit_array_start = .)
 *(.preinit_array*)
                0x00000000080052c8                PROVIDE (__preinit_array_end = .)
                0x00000000080052c8                . = ALIGN (0x4)

.init_array     0x00000000080052c8        0x4
                0x00000000080052c8                . = ALIGN (0x4)
                0x00000000080052c8                PROVIDE (__init_array_start = .)
 *(SORT_BY_NAME(.init_array.*))
 *(.init_array*)
 .init_array    0x00000000080052c8        0x4 c:/st/stm32cubeide_1.6.1/stm32cubeide/plugins/com.st.stm32cube.ide.mcu.externaltools.gnu-tools-for-stm32.9-2020-q2-update.win32_1.5.0.202011040924/tools/bin/../lib/gcc/arm-none-eabi/9.3.1/thumb/v7-m/nofp/crtbegin.o
                0x00000000080052cc                PROVIDE (__init_array_end = .)
                0x00000000080052cc                . = ALIGN (0x4)

.fini_array     0x00000000080052cc        0x4
                0x00000000080052cc                . = ALIGN (0x4)
                [!provide]                        PROVIDE (__fini_array_start = .)
 *(SORT_BY_NAME(.fini_array.*))
 *(.fini_array*)
 .fini_array    0x00000000080052cc        0x4 c:/st/stm32cubeide_1.6.1/stm32cubeide/plugins/com.st.stm32cube.ide.mcu.externaltools.gnu-tools-for-stm32.9-2020-q2-update.win32_1.5.0.202011040924/tools/bin/../lib/gcc/arm-none-eabi/9.3.1/thumb/v7-m/nofp/crtbegin.o
                [!provide]                        PROVIDE (__fini_array_end = .)
                0x00000000080052d0                . = ALIGN (0x4)
                0x00000000080052d0                _sidata = LOADADDR (.data)

.data           0x0000000020000000       0x90 load address 0x00000000080052d0
                0x0000000020000000                . = ALIGN (0x4)
                0x0000000020000000                _sdata = .
 *(.data)
 *(.data*)
 .data.SystemCoreClock
                0x0000000020000000        0x4 Core/Src/system_stm32f1xx.o
                0x0000000020000000                SystemCoreClock
 .data.eMBState
                0x0000000020000004        0x1 Drivers/FreeModbus/mb.o
 *fill*         0x0000000020000005        0x3 
 .data.xFuncHandlers
                0x0000000020000008       0x80 Drivers/FreeModbus/mb.o
 .data.uwTickPrio
                0x0000000020000088        0x4 Drivers/STM32F1xx_HAL_Driver/Src/stm32f1xx_hal.o
                0x0000000020000088                uwTickPrio
 .data.uwTickFreq
                0x000000002000008c        0x1 Drivers/STM32F1xx_HAL_Driver/Src/stm32f1xx_hal.o
                0x000000002000008c                uwTickFreq
 *(.RamFunc)
 *(.RamFunc*)
                0x0000000020000090                . = ALIGN (0x4)
 *fill*         0x000000002000008d        0x3 
                0x0000000020000090                _edata = .

.igot.plt       0x0000000020000090        0x0 load address 0x0000000008005360
 .igot.plt      0x0000000020000090        0x0 c:/st/stm32cubeide_1.6.1/stm32cubeide/plugins/com.st.stm32cube.ide.mcu.externaltools.gnu-tools-for-stm32.9-2020-q2-update.win32_1.5.0.202011040924/tools/bin/../lib/gcc/arm-none-eabi/9.3.1/thumb/v7-m/nofp/crtbegin.o
                0x0000000020000090                . = ALIGN (0x4)

.bss            0x0000000020000090      0x448 load address 0x0000000008005360
                0x0000000020000090                _sbss = .
                0x0000000020000090                __bss_start__ = _sbss
 *(.bss)
 .bss           0x0000000020000090       0x1c c:/st/stm32cubeide_1.6.1/stm32cubeide/plugins/com.st.stm32cube.ide.mcu.externaltools.gnu-tools-for-stm32.9-2020-q2-update.win32_1.5.0.202011040924/tools/bin/../lib/gcc/arm-none-eabi/9.3.1/thumb/v7-m/nofp/crtbegin.o
 *(.bss*)
 *fill*         0x00000000200000ac        0x4 
 .bss.GV        0x00000000200000b0       0xd0 Core/Src/main.o
 .bss.DbTs1     0x0000000020000180       0x28 Core/Src/main.o
 .bss.DbBlink1  0x00000000200001a8       0x18 Core/Src/main.o
 .bss.DbFilterA1
                0x00000000200001c0       0x10 Core/Src/main.o
 .bss.usSRegHoldStart
                0x00000000200001d0        0x2 Drivers/FreeModbus/app/user_mb_app.o
                0x00000000200001d0                usSRegHoldStart
 *fill*         0x00000000200001d2        0x2 
 .bss.ucMBSlaveID
                0x00000000200001d4       0x20 Drivers/FreeModbus/functions/mbfuncother.o
 .bss.usMBSlaveIDLen
                0x00000000200001f4        0x2 Drivers/FreeModbus/functions/mbfuncother.o
 .bss.ucMBAddress
                0x00000000200001f6        0x1 Drivers/FreeModbus/mb.o
 .bss.eMBCurrentMode
                0x00000000200001f7        0x1 Drivers/FreeModbus/mb.o
 .bss.peMBFrameSendCur
                0x00000000200001f8        0x4 Drivers/FreeModbus/mb.o
 .bss.pvMBFrameStartCur
                0x00000000200001fc        0x4 Drivers/FreeModbus/mb.o
 .bss.pvMBFrameStopCur
                0x0000000020000200        0x4 Drivers/FreeModbus/mb.o
 .bss.peMBFrameReceiveCur
                0x0000000020000204        0x4 Drivers/FreeModbus/mb.o
 .bss.pvMBFrameCloseCur
                0x0000000020000208        0x4 Drivers/FreeModbus/mb.o
 .bss.ucRcvAddress.7377
                0x000000002000020c        0x1 Drivers/FreeModbus/mb.o
 *fill*         0x000000002000020d        0x3 
 .bss.ucMBFrame.7376
                0x0000000020000210        0x4 Drivers/FreeModbus/mb.o
 .bss.usLength.7379
                0x0000000020000214        0x2 Drivers/FreeModbus/mb.o
 .bss.ucFunctionCode.7378
                0x0000000020000216        0x1 Drivers/FreeModbus/mb.o
 .bss.eException.7380
                0x0000000020000217        0x1 Drivers/FreeModbus/mb.o
 .bss.lock_count
                0x0000000020000218        0x4 Drivers/FreeModbus/port/portcritical.o
 .bss.eQueuedEvent
                0x000000002000021c        0x1 Drivers/FreeModbus/port/portevent.o
 .bss.xEventInQueue
                0x000000002000021d        0x1 Drivers/FreeModbus/port/portevent.o
 .bss.singlechar
                0x000000002000021e        0x1 Drivers/FreeModbus/port/portserial.o
 *fill*         0x000000002000021f        0x1 
 .bss.timeout   0x0000000020000220        0x2 Drivers/FreeModbus/port/porttimer.o
 .bss.counter   0x0000000020000222        0x2 Drivers/FreeModbus/port/porttimer.o
                0x0000000020000222                counter
 .bss.eSndState
                0x0000000020000224        0x1 Drivers/FreeModbus/rtu/mbrtu.o
 .bss.eRcvState
                0x0000000020000225        0x1 Drivers/FreeModbus/rtu/mbrtu.o
 *fill*         0x0000000020000226        0x2 
 .bss.pucSndBufferCur
                0x0000000020000228        0x4 Drivers/FreeModbus/rtu/mbrtu.o
 .bss.usSndBufferCount
                0x000000002000022c        0x2 Drivers/FreeModbus/rtu/mbrtu.o
 .bss.usRcvBufferPos
                0x000000002000022e        0x2 Drivers/FreeModbus/rtu/mbrtu.o
 *(COMMON)
 COMMON         0x0000000020000230       0x90 Core/Src/main.o
                0x0000000020000230                htim3
                0x0000000020000278                huart2
 COMMON         0x00000000200002c0       0xf6 Drivers/FreeModbus/app/user_mb_app.o
                0x00000000200002c0                usSRegHoldBuf
 *fill*         0x00000000200003b6        0x2 
 COMMON         0x00000000200003b8       0x14 Drivers/FreeModbus/mb.o
                0x00000000200003b8                pxMBFrameCBTransmitterEmpty
                0x00000000200003bc                pxMBPortCBTimerExpired
                0x00000000200003c0                pxMBFrameCBByteReceived
                0x00000000200003c4                pxMBFrameCBTransmitFSMCur
                0x00000000200003c8                pxMBFrameCBReceiveFSMCur
 COMMON         0x00000000200003cc        0x4 Drivers/FreeModbus/port/portserial.o
                0x00000000200003cc                uart
 COMMON         0x00000000200003d0        0x4 Drivers/FreeModbus/port/porttimer.o
                0x00000000200003d0                tim
 COMMON         0x00000000200003d4      0x100 Drivers/FreeModbus/rtu/mbrtu.o
                0x00000000200003d4                ucRTUBuf
 COMMON         0x00000000200004d4        0x4 Drivers/STM32F1xx_HAL_Driver/Src/stm32f1xx_hal.o
                0x00000000200004d4                uwTick
                0x00000000200004d8                . = ALIGN (0x4)
                0x00000000200004d8                _ebss = .
                0x00000000200004d8                __bss_end__ = _ebss

._user_heap_stack
                0x00000000200004d8      0x600 load address 0x0000000008005360
                0x00000000200004d8                . = ALIGN (0x8)
                [!provide]                        PROVIDE (end = .)
                0x00000000200004d8                PROVIDE (_end = .)
                0x00000000200006d8                . = (. + _Min_Heap_Size)
 *fill*         0x00000000200004d8      0x200 
                0x0000000020000ad8                . = (. + _Min_Stack_Size)
 *fill*         0x00000000200006d8      0x400 
                0x0000000020000ad8                . = ALIGN (0x8)

/DISCARD/
 libc.a(*)
 libm.a(*)
 libgcc.a(*)

.ARM.attributes
                0x0000000000000000       0x29
 *(.ARM.attributes)
 .ARM.attributes
                0x0000000000000000       0x1d c:/st/stm32cubeide_1.6.1/stm32cubeide/plugins/com.st.stm32cube.ide.mcu.externaltools.gnu-tools-for-stm32.9-2020-q2-update.win32_1.5.0.202011040924/tools/bin/../lib/gcc/arm-none-eabi/9.3.1/thumb/v7-m/nofp/crti.o
 .ARM.attributes
                0x000000000000001d       0x2d c:/st/stm32cubeide_1.6.1/stm32cubeide/plugins/com.st.stm32cube.ide.mcu.externaltools.gnu-tools-for-stm32.9-2020-q2-update.win32_1.5.0.202011040924/tools/bin/../lib/gcc/arm-none-eabi/9.3.1/thumb/v7-m/nofp/crtbegin.o
 .ARM.attributes
                0x000000000000004a       0x2d Core/Src/main.o
 .ARM.attributes
                0x0000000000000077       0x2d Core/Src/stm32f1xx_hal_msp.o
 .ARM.attributes
                0x00000000000000a4       0x2d Core/Src/stm32f1xx_it.o
 .ARM.attributes
                0x00000000000000d1       0x2d Core/Src/system_stm32f1xx.o
 .ARM.attributes
                0x00000000000000fe       0x21 Core/Startup/startup_stm32f103c8tx.o
 .ARM.attributes
                0x000000000000011f       0x2d Drivers/FreeModbus/app/user_mb_app.o
 .ARM.attributes
                0x000000000000014c       0x2d Drivers/FreeModbus/functions/mbfuncholding.o
 .ARM.attributes
                0x0000000000000179       0x2d Drivers/FreeModbus/functions/mbfuncinput.o
 .ARM.attributes
                0x00000000000001a6       0x2d Drivers/FreeModbus/functions/mbfuncother.o
 .ARM.attributes
                0x00000000000001d3       0x2d Drivers/FreeModbus/functions/mbutils.o
 .ARM.attributes
                0x0000000000000200       0x2d Drivers/FreeModbus/mb.o
 .ARM.attributes
                0x000000000000022d       0x2d Drivers/FreeModbus/port/portcritical.o
 .ARM.attributes
                0x000000000000025a       0x2d Drivers/FreeModbus/port/portevent.o
 .ARM.attributes
                0x0000000000000287       0x2d Drivers/FreeModbus/port/portserial.o
 .ARM.attributes
                0x00000000000002b4       0x2d Drivers/FreeModbus/port/porttimer.o
 .ARM.attributes
                0x00000000000002e1       0x2d Drivers/FreeModbus/rtu/mbcrc.o
 .ARM.attributes
                0x000000000000030e       0x2d Drivers/FreeModbus/rtu/mbrtu.o
 .ARM.attributes
                0x000000000000033b       0x2d Drivers/LIB_PLC/FbBlink.o
 .ARM.attributes
                0x0000000000000368       0x2d Drivers/LIB_PLC/FbFilterA.o
 .ARM.attributes
                0x0000000000000395       0x2d Drivers/LIB_PLC/FbTs.o
 .ARM.attributes
                0x00000000000003c2       0x2d Drivers/STM32F1xx_HAL_Driver/Src/stm32f1xx_hal.o
 .ARM.attributes
                0x00000000000003ef       0x2d Drivers/STM32F1xx_HAL_Driver/Src/stm32f1xx_hal_cortex.o
 .ARM.attributes
                0x000000000000041c       0x2d Drivers/STM32F1xx_HAL_Driver/Src/stm32f1xx_hal_dma.o
 .ARM.attributes
                0x0000000000000449       0x2d Drivers/STM32F1xx_HAL_Driver/Src/stm32f1xx_hal_gpio.o
 .ARM.attributes
                0x0000000000000476       0x2d Drivers/STM32F1xx_HAL_Driver/Src/stm32f1xx_hal_rcc.o
 .ARM.attributes
                0x00000000000004a3       0x2d Drivers/STM32F1xx_HAL_Driver/Src/stm32f1xx_hal_tim.o
 .ARM.attributes
                0x00000000000004d0       0x2d Drivers/STM32F1xx_HAL_Driver/Src/stm32f1xx_hal_tim_ex.o
 .ARM.attributes
                0x00000000000004fd       0x2d Drivers/STM32F1xx_HAL_Driver/Src/stm32f1xx_hal_uart.o
 .ARM.attributes
                0x000000000000052a       0x2d c:/st/stm32cubeide_1.6.1/stm32cubeide/plugins/com.st.stm32cube.ide.mcu.externaltools.gnu-tools-for-stm32.9-2020-q2-update.win32_1.5.0.202011040924/tools/bin/../lib/gcc/arm-none-eabi/9.3.1/../../../../arm-none-eabi/lib/thumb/v7-m/nofp\libc_nano.a(lib_a-init.o)
 .ARM.attributes
                0x0000000000000557       0x2d c:/st/stm32cubeide_1.6.1/stm32cubeide/plugins/com.st.stm32cube.ide.mcu.externaltools.gnu-tools-for-stm32.9-2020-q2-update.win32_1.5.0.202011040924/tools/bin/../lib/gcc/arm-none-eabi/9.3.1/../../../../arm-none-eabi/lib/thumb/v7-m/nofp\libc_nano.a(lib_a-memcpy-stub.o)
 .ARM.attributes
                0x0000000000000584       0x2d c:/st/stm32cubeide_1.6.1/stm32cubeide/plugins/com.st.stm32cube.ide.mcu.externaltools.gnu-tools-for-stm32.9-2020-q2-update.win32_1.5.0.202011040924/tools/bin/../lib/gcc/arm-none-eabi/9.3.1/../../../../arm-none-eabi/lib/thumb/v7-m/nofp\libc_nano.a(lib_a-memset.o)
 .ARM.attributes
                0x00000000000005b1       0x1d c:/st/stm32cubeide_1.6.1/stm32cubeide/plugins/com.st.stm32cube.ide.mcu.externaltools.gnu-tools-for-stm32.9-2020-q2-update.win32_1.5.0.202011040924/tools/bin/../lib/gcc/arm-none-eabi/9.3.1/thumb/v7-m/nofp\libgcc.a(_arm_addsubdf3.o)
 .ARM.attributes
                0x00000000000005ce       0x1d c:/st/stm32cubeide_1.6.1/stm32cubeide/plugins/com.st.stm32cube.ide.mcu.externaltools.gnu-tools-for-stm32.9-2020-q2-update.win32_1.5.0.202011040924/tools/bin/../lib/gcc/arm-none-eabi/9.3.1/thumb/v7-m/nofp\libgcc.a(_arm_muldivdf3.o)
 .ARM.attributes
                0x00000000000005eb       0x1d c:/st/stm32cubeide_1.6.1/stm32cubeide/plugins/com.st.stm32cube.ide.mcu.externaltools.gnu-tools-for-stm32.9-2020-q2-update.win32_1.5.0.202011040924/tools/bin/../lib/gcc/arm-none-eabi/9.3.1/thumb/v7-m/nofp\libgcc.a(_arm_truncdfsf2.o)
 .ARM.attributes
                0x0000000000000608       0x1d c:/st/stm32cubeide_1.6.1/stm32cubeide/plugins/com.st.stm32cube.ide.mcu.externaltools.gnu-tools-for-stm32.9-2020-q2-update.win32_1.5.0.202011040924/tools/bin/../lib/gcc/arm-none-eabi/9.3.1/thumb/v7-m/nofp\libgcc.a(_arm_addsubsf3.o)
 .ARM.attributes
                0x0000000000000625       0x1d c:/st/stm32cubeide_1.6.1/stm32cubeide/plugins/com.st.stm32cube.ide.mcu.externaltools.gnu-tools-for-stm32.9-2020-q2-update.win32_1.5.0.202011040924/tools/bin/../lib/gcc/arm-none-eabi/9.3.1/thumb/v7-m/nofp\libgcc.a(_arm_muldivsf3.o)
 .ARM.attributes
                0x0000000000000642       0x1d c:/st/stm32cubeide_1.6.1/stm32cubeide/plugins/com.st.stm32cube.ide.mcu.externaltools.gnu-tools-for-stm32.9-2020-q2-update.win32_1.5.0.202011040924/tools/bin/../lib/gcc/arm-none-eabi/9.3.1/thumb/v7-m/nofp\libgcc.a(_arm_cmpsf2.o)
 .ARM.attributes
                0x000000000000065f       0x1d c:/st/stm32cubeide_1.6.1/stm32cubeide/plugins/com.st.stm32cube.ide.mcu.externaltools.gnu-tools-for-stm32.9-2020-q2-update.win32_1.5.0.202011040924/tools/bin/../lib/gcc/arm-none-eabi/9.3.1/thumb/v7-m/nofp\libgcc.a(_aeabi_uldivmod.o)
 .ARM.attributes
                0x000000000000067c       0x2d c:/st/stm32cubeide_1.6.1/stm32cubeide/plugins/com.st.stm32cube.ide.mcu.externaltools.gnu-tools-for-stm32.9-2020-q2-update.win32_1.5.0.202011040924/tools/bin/../lib/gcc/arm-none-eabi/9.3.1/thumb/v7-m/nofp\libgcc.a(_udivmoddi4.o)
 .ARM.attributes
                0x00000000000006a9       0x1d c:/st/stm32cubeide_1.6.1/stm32cubeide/plugins/com.st.stm32cube.ide.mcu.externaltools.gnu-tools-for-stm32.9-2020-q2-update.win32_1.5.0.202011040924/tools/bin/../lib/gcc/arm-none-eabi/9.3.1/thumb/v7-m/nofp\libgcc.a(_dvmd_tls.o)
 .ARM.attributes
                0x00000000000006c6       0x1d c:/st/stm32cubeide_1.6.1/stm32cubeide/plugins/com.st.stm32cube.ide.mcu.externaltools.gnu-tools-for-stm32.9-2020-q2-update.win32_1.5.0.202011040924/tools/bin/../lib/gcc/arm-none-eabi/9.3.1/thumb/v7-m/nofp/crtn.o
OUTPUT(DIY_PLC_V3.1.elf elf32-littlearm)
LOAD linker stubs
LOAD c:/st/stm32cubeide_1.6.1/stm32cubeide/plugins/com.st.stm32cube.ide.mcu.externaltools.gnu-tools-for-stm32.9-2020-q2-update.win32_1.5.0.202011040924/tools/bin/../lib/gcc/arm-none-eabi/9.3.1/../../../../arm-none-eabi/lib/thumb/v7-m/nofp\libc.a
LOAD c:/st/stm32cubeide_1.6.1/stm32cubeide/plugins/com.st.stm32cube.ide.mcu.externaltools.gnu-tools-for-stm32.9-2020-q2-update.win32_1.5.0.202011040924/tools/bin/../lib/gcc/arm-none-eabi/9.3.1/../../../../arm-none-eabi/lib/thumb/v7-m/nofp\libm.a
LOAD c:/st/stm32cubeide_1.6.1/stm32cubeide/plugins/com.st.stm32cube.ide.mcu.externaltools.gnu-tools-for-stm32.9-2020-q2-update.win32_1.5.0.202011040924/tools/bin/../lib/gcc/arm-none-eabi/9.3.1/thumb/v7-m/nofp\libgcc.a

.debug_info     0x0000000000000000    0x13e4e
 .debug_info    0x0000000000000000     0x13ba Core/Src/main.o
 .debug_info    0x00000000000013ba      0xdf6 Core/Src/stm32f1xx_hal_msp.o
 .debug_info    0x00000000000021b0      0xa4b Core/Src/stm32f1xx_it.o
 .debug_info    0x0000000000002bfb      0x2be Core/Src/system_stm32f1xx.o
 .debug_info    0x0000000000002eb9       0x22 Core/Startup/startup_stm32f103c8tx.o
 .debug_info    0x0000000000002edb      0x478 Drivers/FreeModbus/app/user_mb_app.o
 .debug_info    0x0000000000003353      0xda1 Drivers/FreeModbus/functions/mbfuncholding.o
 .debug_info    0x00000000000040f4      0xbeb Drivers/FreeModbus/functions/mbfuncinput.o
 .debug_info    0x0000000000004cdf      0xc51 Drivers/FreeModbus/functions/mbfuncother.o
 .debug_info    0x0000000000005930      0xcbc Drivers/FreeModbus/functions/mbutils.o
 .debug_info    0x00000000000065ec      0xfca Drivers/FreeModbus/mb.o
 .debug_info    0x00000000000075b6      0x1f2 Drivers/FreeModbus/port/portcritical.o
 .debug_info    0x00000000000077a8      0x2bc Drivers/FreeModbus/port/portevent.o
 .debug_info    0x0000000000007a64      0x8f3 Drivers/FreeModbus/port/portserial.o
 .debug_info    0x0000000000008357      0x843 Drivers/FreeModbus/port/porttimer.o
 .debug_info    0x0000000000008b9a      0x261 Drivers/FreeModbus/rtu/mbcrc.o
 .debug_info    0x0000000000008dfb      0xe3b Drivers/FreeModbus/rtu/mbrtu.o
 .debug_info    0x0000000000009c36      0x15f Drivers/LIB_PLC/FbBlink.o
 .debug_info    0x0000000000009d95       0xef Drivers/LIB_PLC/FbFilterA.o
 .debug_info    0x0000000000009e84      0x14d Drivers/LIB_PLC/FbTs.o
 .debug_info    0x0000000000009fd1      0x76a Drivers/STM32F1xx_HAL_Driver/Src/stm32f1xx_hal.o
 .debug_info    0x000000000000a73b      0xbdc Drivers/STM32F1xx_HAL_Driver/Src/stm32f1xx_hal_cortex.o
 .debug_info    0x000000000000b317      0x823 Drivers/STM32F1xx_HAL_Driver/Src/stm32f1xx_hal_dma.o
 .debug_info    0x000000000000bb3a      0x701 Drivers/STM32F1xx_HAL_Driver/Src/stm32f1xx_hal_gpio.o
 .debug_info    0x000000000000c23b      0x893 Drivers/STM32F1xx_HAL_Driver/Src/stm32f1xx_hal_rcc.o
 .debug_info    0x000000000000cace     0x2c12 Drivers/STM32F1xx_HAL_Driver/Src/stm32f1xx_hal_tim.o
 .debug_info    0x000000000000f6e0     0x157f Drivers/STM32F1xx_HAL_Driver/Src/stm32f1xx_hal_tim_ex.o
 .debug_info    0x0000000000010c5f     0x31ef Drivers/STM32F1xx_HAL_Driver/Src/stm32f1xx_hal_uart.o

.debug_abbrev   0x0000000000000000     0x3112
 .debug_abbrev  0x0000000000000000      0x2aa Core/Src/main.o
 .debug_abbrev  0x00000000000002aa      0x1c8 Core/Src/stm32f1xx_hal_msp.o
 .debug_abbrev  0x0000000000000472      0x176 Core/Src/stm32f1xx_it.o
 .debug_abbrev  0x00000000000005e8      0x14e Core/Src/system_stm32f1xx.o
 .debug_abbrev  0x0000000000000736       0x12 Core/Startup/startup_stm32f103c8tx.o
 .debug_abbrev  0x0000000000000748      0x11f Drivers/FreeModbus/app/user_mb_app.o
 .debug_abbrev  0x0000000000000867      0x202 Drivers/FreeModbus/functions/mbfuncholding.o
 .debug_abbrev  0x0000000000000a69      0x1e4 Drivers/FreeModbus/functions/mbfuncinput.o
 .debug_abbrev  0x0000000000000c4d      0x202 Drivers/FreeModbus/functions/mbfuncother.o
 .debug_abbrev  0x0000000000000e4f      0x200 Drivers/FreeModbus/functions/mbutils.o
 .debug_abbrev  0x000000000000104f      0x275 Drivers/FreeModbus/mb.o
 .debug_abbrev  0x00000000000012c4       0xed Drivers/FreeModbus/port/portcritical.o
 .debug_abbrev  0x00000000000013b1      0x10c Drivers/FreeModbus/port/portevent.o
 .debug_abbrev  0x00000000000014bd      0x1fb Drivers/FreeModbus/port/portserial.o
 .debug_abbrev  0x00000000000016b8      0x1e5 Drivers/FreeModbus/port/porttimer.o
 .debug_abbrev  0x000000000000189d       0xe7 Drivers/FreeModbus/rtu/mbcrc.o
 .debug_abbrev  0x0000000000001984      0x25e Drivers/FreeModbus/rtu/mbrtu.o
 .debug_abbrev  0x0000000000001be2       0xc3 Drivers/LIB_PLC/FbBlink.o
 .debug_abbrev  0x0000000000001ca5       0x96 Drivers/LIB_PLC/FbFilterA.o
 .debug_abbrev  0x0000000000001d3b       0xa5 Drivers/LIB_PLC/FbTs.o
 .debug_abbrev  0x0000000000001de0      0x1ed Drivers/STM32F1xx_HAL_Driver/Src/stm32f1xx_hal.o
 .debug_abbrev  0x0000000000001fcd      0x313 Drivers/STM32F1xx_HAL_Driver/Src/stm32f1xx_hal_cortex.o
 .debug_abbrev  0x00000000000022e0      0x228 Drivers/STM32F1xx_HAL_Driver/Src/stm32f1xx_hal_dma.o
 .debug_abbrev  0x0000000000002508      0x1e8 Drivers/STM32F1xx_HAL_Driver/Src/stm32f1xx_hal_gpio.o
 .debug_abbrev  0x00000000000026f0      0x273 Drivers/STM32F1xx_HAL_Driver/Src/stm32f1xx_hal_rcc.o
 .debug_abbrev  0x0000000000002963      0x25e Drivers/STM32F1xx_HAL_Driver/Src/stm32f1xx_hal_tim.o
 .debug_abbrev  0x0000000000002bc1      0x266 Drivers/STM32F1xx_HAL_Driver/Src/stm32f1xx_hal_tim_ex.o
 .debug_abbrev  0x0000000000002e27      0x2eb Drivers/STM32F1xx_HAL_Driver/Src/stm32f1xx_hal_uart.o

.debug_aranges  0x0000000000000000      0xed8
 .debug_aranges
                0x0000000000000000       0x60 Core/Src/main.o
 .debug_aranges
                0x0000000000000060       0x40 Core/Src/stm32f1xx_hal_msp.o
 .debug_aranges
                0x00000000000000a0       0x70 Core/Src/stm32f1xx_it.o
 .debug_aranges
                0x0000000000000110       0x28 Core/Src/system_stm32f1xx.o
 .debug_aranges
                0x0000000000000138       0x28 Core/Startup/startup_stm32f103c8tx.o
 .debug_aranges
                0x0000000000000160       0x38 Drivers/FreeModbus/app/user_mb_app.o
 .debug_aranges
                0x0000000000000198       0x38 Drivers/FreeModbus/functions/mbfuncholding.o
 .debug_aranges
                0x00000000000001d0       0x20 Drivers/FreeModbus/functions/mbfuncinput.o
 .debug_aranges
                0x00000000000001f0       0x28 Drivers/FreeModbus/functions/mbfuncother.o
 .debug_aranges
                0x0000000000000218       0x30 Drivers/FreeModbus/functions/mbutils.o
 .debug_aranges
                0x0000000000000248       0x48 Drivers/FreeModbus/mb.o
 .debug_aranges
                0x0000000000000290       0x28 Drivers/FreeModbus/port/portcritical.o
 .debug_aranges
                0x00000000000002b8       0x30 Drivers/FreeModbus/port/portevent.o
 .debug_aranges
                0x00000000000002e8       0x58 Drivers/FreeModbus/port/portserial.o
 .debug_aranges
                0x0000000000000340       0x38 Drivers/FreeModbus/port/porttimer.o
 .debug_aranges
                0x0000000000000378       0x20 Drivers/FreeModbus/rtu/mbcrc.o
 .debug_aranges
                0x0000000000000398       0x58 Drivers/FreeModbus/rtu/mbrtu.o
 .debug_aranges
                0x00000000000003f0       0x20 Drivers/LIB_PLC/FbBlink.o
 .debug_aranges
                0x0000000000000410       0x20 Drivers/LIB_PLC/FbFilterA.o
 .debug_aranges
                0x0000000000000430       0x20 Drivers/LIB_PLC/FbTs.o
 .debug_aranges
                0x0000000000000450       0xe0 Drivers/STM32F1xx_HAL_Driver/Src/stm32f1xx_hal.o
 .debug_aranges
                0x0000000000000530      0x100 Drivers/STM32F1xx_HAL_Driver/Src/stm32f1xx_hal_cortex.o
 .debug_aranges
                0x0000000000000630       0x80 Drivers/STM32F1xx_HAL_Driver/Src/stm32f1xx_hal_dma.o
 .debug_aranges
                0x00000000000006b0       0x58 Drivers/STM32F1xx_HAL_Driver/Src/stm32f1xx_hal_gpio.o
 .debug_aranges
                0x0000000000000708       0x90 Drivers/STM32F1xx_HAL_Driver/Src/stm32f1xx_hal_rcc.o
 .debug_aranges
                0x0000000000000798      0x3d0 Drivers/STM32F1xx_HAL_Driver/Src/stm32f1xx_hal_tim.o
 .debug_aranges
                0x0000000000000b68      0x168 Drivers/STM32F1xx_HAL_Driver/Src/stm32f1xx_hal_tim_ex.o
 .debug_aranges
                0x0000000000000cd0      0x208 Drivers/STM32F1xx_HAL_Driver/Src/stm32f1xx_hal_uart.o

.debug_ranges   0x0000000000000000      0xd50
 .debug_ranges  0x0000000000000000       0x50 Core/Src/main.o
 .debug_ranges  0x0000000000000050       0x30 Core/Src/stm32f1xx_hal_msp.o
 .debug_ranges  0x0000000000000080       0x60 Core/Src/stm32f1xx_it.o
 .debug_ranges  0x00000000000000e0       0x18 Core/Src/system_stm32f1xx.o
 .debug_ranges  0x00000000000000f8       0x20 Core/Startup/startup_stm32f103c8tx.o
 .debug_ranges  0x0000000000000118       0x28 Drivers/FreeModbus/app/user_mb_app.o
 .debug_ranges  0x0000000000000140       0x28 Drivers/FreeModbus/functions/mbfuncholding.o
 .debug_ranges  0x0000000000000168       0x10 Drivers/FreeModbus/functions/mbfuncinput.o
 .debug_ranges  0x0000000000000178       0x18 Drivers/FreeModbus/functions/mbfuncother.o
 .debug_ranges  0x0000000000000190       0x20 Drivers/FreeModbus/functions/mbutils.o
 .debug_ranges  0x00000000000001b0       0x38 Drivers/FreeModbus/mb.o
 .debug_ranges  0x00000000000001e8       0x18 Drivers/FreeModbus/port/portcritical.o
 .debug_ranges  0x0000000000000200       0x20 Drivers/FreeModbus/port/portevent.o
 .debug_ranges  0x0000000000000220       0x48 Drivers/FreeModbus/port/portserial.o
 .debug_ranges  0x0000000000000268       0x28 Drivers/FreeModbus/port/porttimer.o
 .debug_ranges  0x0000000000000290       0x10 Drivers/FreeModbus/rtu/mbcrc.o
 .debug_ranges  0x00000000000002a0       0x48 Drivers/FreeModbus/rtu/mbrtu.o
 .debug_ranges  0x00000000000002e8       0x10 Drivers/LIB_PLC/FbBlink.o
 .debug_ranges  0x00000000000002f8       0x10 Drivers/LIB_PLC/FbFilterA.o
 .debug_ranges  0x0000000000000308       0x10 Drivers/LIB_PLC/FbTs.o
 .debug_ranges  0x0000000000000318       0xd0 Drivers/STM32F1xx_HAL_Driver/Src/stm32f1xx_hal.o
 .debug_ranges  0x00000000000003e8       0xf0 Drivers/STM32F1xx_HAL_Driver/Src/stm32f1xx_hal_cortex.o
 .debug_ranges  0x00000000000004d8       0x70 Drivers/STM32F1xx_HAL_Driver/Src/stm32f1xx_hal_dma.o
 .debug_ranges  0x0000000000000548       0x48 Drivers/STM32F1xx_HAL_Driver/Src/stm32f1xx_hal_gpio.o
 .debug_ranges  0x0000000000000590       0x80 Drivers/STM32F1xx_HAL_Driver/Src/stm32f1xx_hal_rcc.o
 .debug_ranges  0x0000000000000610      0x3c0 Drivers/STM32F1xx_HAL_Driver/Src/stm32f1xx_hal_tim.o
 .debug_ranges  0x00000000000009d0      0x158 Drivers/STM32F1xx_HAL_Driver/Src/stm32f1xx_hal_tim_ex.o
 .debug_ranges  0x0000000000000b28      0x228 Drivers/STM32F1xx_HAL_Driver/Src/stm32f1xx_hal_uart.o

.debug_macro    0x0000000000000000    0x1996e
 .debug_macro   0x0000000000000000      0x2a2 Core/Src/main.o
 .debug_macro   0x00000000000002a2      0xa9c Core/Src/main.o
 .debug_macro   0x0000000000000d3e      0x21b Core/Src/main.o
 .debug_macro   0x0000000000000f59       0x2e Core/Src/main.o
 .debug_macro   0x0000000000000f87       0x22 Core/Src/main.o
 .debug_macro   0x0000000000000fa9       0x22 Core/Src/main.o
 .debug_macro   0x0000000000000fcb       0x8e Core/Src/main.o
 .debug_macro   0x0000000000001059       0x51 Core/Src/main.o
 .debug_macro   0x00000000000010aa      0x103 Core/Src/main.o
 .debug_macro   0x00000000000011ad       0x6a Core/Src/main.o
 .debug_macro   0x0000000000001217      0x1df Core/Src/main.o
 .debug_macro   0x00000000000013f6       0x1c Core/Src/main.o
 .debug_macro   0x0000000000001412       0x22 Core/Src/main.o
 .debug_macro   0x0000000000001434       0xc3 Core/Src/main.o
 .debug_macro   0x00000000000014f7      0xd23 Core/Src/main.o
 .debug_macro   0x000000000000221a     0xe09e Core/Src/main.o
 .debug_macro   0x00000000000102b8       0x6d Core/Src/main.o
 .debug_macro   0x0000000000010325     0x348d Core/Src/main.o
 .debug_macro   0x00000000000137b2      0x174 Core/Src/main.o
 .debug_macro   0x0000000000013926       0x5c Core/Src/main.o
 .debug_macro   0x0000000000013982      0x5bc Core/Src/main.o
 .debug_macro   0x0000000000013f3e      0x289 Core/Src/main.o
 .debug_macro   0x00000000000141c7      0x1cb Core/Src/main.o
 .debug_macro   0x0000000000014392      0x114 Core/Src/main.o
 .debug_macro   0x00000000000144a6      0x1b2 Core/Src/main.o
 .debug_macro   0x0000000000014658       0x27 Core/Src/main.o
 .debug_macro   0x000000000001467f      0x136 Core/Src/main.o
 .debug_macro   0x00000000000147b5      0x1bc Core/Src/main.o
 .debug_macro   0x0000000000014971       0x34 Core/Src/main.o
 .debug_macro   0x00000000000149a5       0x3c Core/Src/main.o
 .debug_macro   0x00000000000149e1       0x57 Core/Src/main.o
 .debug_macro   0x0000000000014a38       0x87 Core/Src/main.o
 .debug_macro   0x0000000000014abf      0x240 Core/Src/main.o
 .debug_macro   0x0000000000014cff      0x140 Core/Src/main.o
 .debug_macro   0x0000000000014e3f      0x8ed Core/Src/main.o
 .debug_macro   0x000000000001572c      0x28e Core/Src/main.o
 .debug_macro   0x00000000000159ba       0x83 Core/Src/main.o
 .debug_macro   0x0000000000015a3d       0x1c Core/Src/main.o
 .debug_macro   0x0000000000015a59       0x22 Core/Src/main.o
 .debug_macro   0x0000000000015a7b       0x4c Core/Src/main.o
 .debug_macro   0x0000000000015ac7       0x52 Core/Src/main.o
 .debug_macro   0x0000000000015b19       0x18 Core/Src/main.o
 .debug_macro   0x0000000000015b31       0x3c Core/Src/main.o
 .debug_macro   0x0000000000015b6d       0x34 Core/Src/main.o
 .debug_macro   0x0000000000015ba1       0x1c Core/Src/main.o
 .debug_macro   0x0000000000015bbd       0x10 Core/Src/main.o
 .debug_macro   0x0000000000015bcd       0x35 Core/Src/main.o
 .debug_macro   0x0000000000015c02      0x460 Core/Src/main.o
 .debug_macro   0x0000000000016062       0x7c Core/Src/main.o
 .debug_macro   0x00000000000160de       0x2e Core/Src/main.o
 .debug_macro   0x000000000001610c       0x10 Core/Src/main.o
 .debug_macro   0x000000000001611c       0x7c Core/Src/main.o
 .debug_macro   0x0000000000016198      0x1b2 Core/Src/stm32f1xx_hal_msp.o
 .debug_macro   0x000000000001634a      0x1bc Core/Src/stm32f1xx_it.o
 .debug_macro   0x0000000000016506      0x1a3 Core/Src/system_stm32f1xx.o
 .debug_macro   0x00000000000166a9      0x27c Drivers/FreeModbus/app/user_mb_app.o
 .debug_macro   0x0000000000016925       0x82 Drivers/FreeModbus/app/user_mb_app.o
 .debug_macro   0x00000000000169a7      0x104 Drivers/FreeModbus/app/user_mb_app.o
 .debug_macro   0x0000000000016aab       0x10 Drivers/FreeModbus/app/user_mb_app.o
 .debug_macro   0x0000000000016abb       0x22 Drivers/FreeModbus/app/user_mb_app.o
 .debug_macro   0x0000000000016add       0x58 Drivers/FreeModbus/app/user_mb_app.o
 .debug_macro   0x0000000000016b35      0x398 Drivers/FreeModbus/functions/mbfuncholding.o
 .debug_macro   0x0000000000016ecd      0x33e Drivers/FreeModbus/functions/mbfuncinput.o
 .debug_macro   0x000000000001720b      0x320 Drivers/FreeModbus/functions/mbfuncother.o
 .debug_macro   0x000000000001752b      0x31d Drivers/FreeModbus/functions/mbutils.o
 .debug_macro   0x0000000000017848      0x33e Drivers/FreeModbus/mb.o
 .debug_macro   0x0000000000017b86      0x1bc Drivers/FreeModbus/port/portcritical.o
 .debug_macro   0x0000000000017d42      0x255 Drivers/FreeModbus/port/portevent.o
 .debug_macro   0x0000000000017f97      0x265 Drivers/FreeModbus/port/portserial.o
 .debug_macro   0x00000000000181fc      0x259 Drivers/FreeModbus/port/porttimer.o
 .debug_macro   0x0000000000018455      0x22f Drivers/FreeModbus/rtu/mbcrc.o
 .debug_macro   0x0000000000018684      0x352 Drivers/FreeModbus/rtu/mbrtu.o
 .debug_macro   0x00000000000189d6       0xa3 Drivers/LIB_PLC/FbBlink.o
 .debug_macro   0x0000000000018a79       0x91 Drivers/LIB_PLC/FbFilterA.o
 .debug_macro   0x0000000000018b0a       0xa9 Drivers/LIB_PLC/FbTs.o
 .debug_macro   0x0000000000018bb3      0x1c7 Drivers/STM32F1xx_HAL_Driver/Src/stm32f1xx_hal.o
 .debug_macro   0x0000000000018d7a      0x1a3 Drivers/STM32F1xx_HAL_Driver/Src/stm32f1xx_hal_cortex.o
 .debug_macro   0x0000000000018f1d      0x1a3 Drivers/STM32F1xx_HAL_Driver/Src/stm32f1xx_hal_dma.o
 .debug_macro   0x00000000000190c0      0x20e Drivers/STM32F1xx_HAL_Driver/Src/stm32f1xx_hal_gpio.o
 .debug_macro   0x00000000000192ce      0x1b5 Drivers/STM32F1xx_HAL_Driver/Src/stm32f1xx_hal_rcc.o
 .debug_macro   0x0000000000019483      0x1a4 Drivers/STM32F1xx_HAL_Driver/Src/stm32f1xx_hal_tim.o
 .debug_macro   0x0000000000019627      0x1a3 Drivers/STM32F1xx_HAL_Driver/Src/stm32f1xx_hal_tim_ex.o
 .debug_macro   0x00000000000197ca      0x1a4 Drivers/STM32F1xx_HAL_Driver/Src/stm32f1xx_hal_uart.o

.debug_line     0x0000000000000000    0x14c89
 .debug_line    0x0000000000000000      0xb5b Core/Src/main.o
 .debug_line    0x0000000000000b5b      0x70f Core/Src/stm32f1xx_hal_msp.o
 .debug_line    0x000000000000126a      0x76f Core/Src/stm32f1xx_it.o
 .debug_line    0x00000000000019d9      0x6fb Core/Src/system_stm32f1xx.o
 .debug_line    0x00000000000020d4       0x86 Core/Startup/startup_stm32f103c8tx.o
 .debug_line    0x000000000000215a      0x981 Drivers/FreeModbus/app/user_mb_app.o
 .debug_line    0x0000000000002adb      0xace Drivers/FreeModbus/functions/mbfuncholding.o
 .debug_line    0x00000000000035a9      0x978 Drivers/FreeModbus/functions/mbfuncinput.o
 .debug_line    0x0000000000003f21      0x978 Drivers/FreeModbus/functions/mbfuncother.o
 .debug_line    0x0000000000004899      0x9c6 Drivers/FreeModbus/functions/mbutils.o
 .debug_line    0x000000000000525f      0xb93 Drivers/FreeModbus/mb.o
 .debug_line    0x0000000000005df2      0x6d0 Drivers/FreeModbus/port/portcritical.o
 .debug_line    0x00000000000064c2      0x8c8 Drivers/FreeModbus/port/portevent.o
 .debug_line    0x0000000000006d8a      0x958 Drivers/FreeModbus/port/portserial.o
 .debug_line    0x00000000000076e2      0x8ec Drivers/FreeModbus/port/porttimer.o
 .debug_line    0x0000000000007fce      0x87e Drivers/FreeModbus/rtu/mbcrc.o
 .debug_line    0x000000000000884c      0xae1 Drivers/FreeModbus/rtu/mbrtu.o
 .debug_line    0x000000000000932d      0x41e Drivers/LIB_PLC/FbBlink.o
 .debug_line    0x000000000000974b      0x3ea Drivers/LIB_PLC/FbFilterA.o
 .debug_line    0x0000000000009b35      0x428 Drivers/LIB_PLC/FbTs.o
 .debug_line    0x0000000000009f5d      0x928 Drivers/STM32F1xx_HAL_Driver/Src/stm32f1xx_hal.o
 .debug_line    0x000000000000a885      0xb10 Drivers/STM32F1xx_HAL_Driver/Src/stm32f1xx_hal_cortex.o
 .debug_line    0x000000000000b395      0xd81 Drivers/STM32F1xx_HAL_Driver/Src/stm32f1xx_hal_dma.o
 .debug_line    0x000000000000c116      0x9c1 Drivers/STM32F1xx_HAL_Driver/Src/stm32f1xx_hal_gpio.o
 .debug_line    0x000000000000cad7      0xd34 Drivers/STM32F1xx_HAL_Driver/Src/stm32f1xx_hal_rcc.o
 .debug_line    0x000000000000d80b     0x33a7 Drivers/STM32F1xx_HAL_Driver/Src/stm32f1xx_hal_tim.o
 .debug_line    0x0000000000010bb2     0x187e Drivers/STM32F1xx_HAL_Driver/Src/stm32f1xx_hal_tim_ex.o
 .debug_line    0x0000000000012430     0x2859 Drivers/STM32F1xx_HAL_Driver/Src/stm32f1xx_hal_uart.o

.debug_str      0x0000000000000000    0x8c89f
 .debug_str     0x0000000000000000    0x85a16 Core/Src/main.o
                                      0x85f02 (size before relaxing)
 .debug_str     0x0000000000085a16      0x31e Core/Src/stm32f1xx_hal_msp.o
                                      0x84161 (size before relaxing)
 .debug_str     0x0000000000085d34       0xdf Core/Src/stm32f1xx_it.o
                                      0x83e35 (size before relaxing)
 .debug_str     0x0000000000085e13       0x52 Core/Src/system_stm32f1xx.o
                                      0x836b6 (size before relaxing)
 .debug_str     0x0000000000085e65       0x36 Core/Startup/startup_stm32f103c8tx.o
                                         0x73 (size before relaxing)
 .debug_str     0x0000000000085e9b      0x2ea Drivers/FreeModbus/app/user_mb_app.o
                                      0x85476 (size before relaxing)
 .debug_str     0x0000000000086185     0x352c Drivers/FreeModbus/functions/mbfuncholding.o
                                      0x88788 (size before relaxing)
 .debug_str     0x00000000000896b1       0xaa Drivers/FreeModbus/functions/mbfuncinput.o
                                      0x88385 (size before relaxing)
 .debug_str     0x000000000008975b       0x9f Drivers/FreeModbus/functions/mbfuncother.o
                                      0x882db (size before relaxing)
 .debug_str     0x00000000000897fa       0xce Drivers/FreeModbus/functions/mbutils.o
                                      0x8829d (size before relaxing)
 .debug_str     0x00000000000898c8      0x271 Drivers/FreeModbus/mb.o
                                      0x884ea (size before relaxing)
 .debug_str     0x0000000000089b39       0x63 Drivers/FreeModbus/port/portcritical.o
                                      0x83707 (size before relaxing)
 .debug_str     0x0000000000089b9c       0x83 Drivers/FreeModbus/port/portevent.o
                                      0x851c6 (size before relaxing)
 .debug_str     0x0000000000089c1f      0x1a0 Drivers/FreeModbus/port/portserial.o
                                      0x856f8 (size before relaxing)
 .debug_str     0x0000000000089dbf       0xa8 Drivers/FreeModbus/port/porttimer.o
                                      0x85678 (size before relaxing)
 .debug_str     0x0000000000089e67       0x45 Drivers/FreeModbus/rtu/mbcrc.o
                                      0x84e23 (size before relaxing)
 .debug_str     0x0000000000089eac      0x213 Drivers/FreeModbus/rtu/mbrtu.o
                                      0x883d5 (size before relaxing)
 .debug_str     0x000000000008a0bf       0xbe Drivers/LIB_PLC/FbBlink.o
                                       0x3e51 (size before relaxing)
 .debug_str     0x000000000008a17d       0x44 Drivers/LIB_PLC/FbFilterA.o
                                       0x3d81 (size before relaxing)
 .debug_str     0x000000000008a1c1       0x98 Drivers/LIB_PLC/FbTs.o
                                       0x3e5b (size before relaxing)
 .debug_str     0x000000000008a259      0x304 Drivers/STM32F1xx_HAL_Driver/Src/stm32f1xx_hal.o
                                      0x83d47 (size before relaxing)
 .debug_str     0x000000000008a55d      0x300 Drivers/STM32F1xx_HAL_Driver/Src/stm32f1xx_hal_cortex.o
                                      0x83d4f (size before relaxing)
 .debug_str     0x000000000008a85d      0x235 Drivers/STM32F1xx_HAL_Driver/Src/stm32f1xx_hal_dma.o
                                      0x83a91 (size before relaxing)
 .debug_str     0x000000000008aa92      0x31f Drivers/STM32F1xx_HAL_Driver/Src/stm32f1xx_hal_gpio.o
                                      0x83a7a (size before relaxing)
 .debug_str     0x000000000008adb1      0x24f Drivers/STM32F1xx_HAL_Driver/Src/stm32f1xx_hal_rcc.o
                                      0x83ab3 (size before relaxing)
 .debug_str     0x000000000008b000      0xdc3 Drivers/STM32F1xx_HAL_Driver/Src/stm32f1xx_hal_tim.o
                                      0x84a8c (size before relaxing)
 .debug_str     0x000000000008bdc3      0x4ee Drivers/STM32F1xx_HAL_Driver/Src/stm32f1xx_hal_tim_ex.o
                                      0x8423d (size before relaxing)
 .debug_str     0x000000000008c2b1      0x5ee Drivers/STM32F1xx_HAL_Driver/Src/stm32f1xx_hal_uart.o
                                      0x8410b (size before relaxing)

.comment        0x0000000000000000       0x53
 .comment       0x0000000000000000       0x53 Core/Src/main.o
                                         0x54 (size before relaxing)
 .comment       0x0000000000000053       0x54 Core/Src/stm32f1xx_hal_msp.o
 .comment       0x0000000000000053       0x54 Core/Src/stm32f1xx_it.o
 .comment       0x0000000000000053       0x54 Core/Src/system_stm32f1xx.o
 .comment       0x0000000000000053       0x54 Drivers/FreeModbus/app/user_mb_app.o
 .comment       0x0000000000000053       0x54 Drivers/FreeModbus/functions/mbfuncholding.o
 .comment       0x0000000000000053       0x54 Drivers/FreeModbus/functions/mbfuncinput.o
 .comment       0x0000000000000053       0x54 Drivers/FreeModbus/functions/mbfuncother.o
 .comment       0x0000000000000053       0x54 Drivers/FreeModbus/functions/mbutils.o
 .comment       0x0000000000000053       0x54 Drivers/FreeModbus/mb.o
 .comment       0x0000000000000053       0x54 Drivers/FreeModbus/port/portcritical.o
 .comment       0x0000000000000053       0x54 Drivers/FreeModbus/port/portevent.o
 .comment       0x0000000000000053       0x54 Drivers/FreeModbus/port/portserial.o
 .comment       0x0000000000000053       0x54 Drivers/FreeModbus/port/porttimer.o
 .comment       0x0000000000000053       0x54 Drivers/FreeModbus/rtu/mbcrc.o
 .comment       0x0000000000000053       0x54 Drivers/FreeModbus/rtu/mbrtu.o
 .comment       0x0000000000000053       0x54 Drivers/LIB_PLC/FbBlink.o
 .comment       0x0000000000000053       0x54 Drivers/LIB_PLC/FbFilterA.o
 .comment       0x0000000000000053       0x54 Drivers/LIB_PLC/FbTs.o
 .comment       0x0000000000000053       0x54 Drivers/STM32F1xx_HAL_Driver/Src/stm32f1xx_hal.o
 .comment       0x0000000000000053       0x54 Drivers/STM32F1xx_HAL_Driver/Src/stm32f1xx_hal_cortex.o
 .comment       0x0000000000000053       0x54 Drivers/STM32F1xx_HAL_Driver/Src/stm32f1xx_hal_dma.o
 .comment       0x0000000000000053       0x54 Drivers/STM32F1xx_HAL_Driver/Src/stm32f1xx_hal_gpio.o
 .comment       0x0000000000000053       0x54 Drivers/STM32F1xx_HAL_Driver/Src/stm32f1xx_hal_rcc.o
 .comment       0x0000000000000053       0x54 Drivers/STM32F1xx_HAL_Driver/Src/stm32f1xx_hal_tim.o
 .comment       0x0000000000000053       0x54 Drivers/STM32F1xx_HAL_Driver/Src/stm32f1xx_hal_tim_ex.o
 .comment       0x0000000000000053       0x54 Drivers/STM32F1xx_HAL_Driver/Src/stm32f1xx_hal_uart.o

.debug_frame    0x0000000000000000     0x3cb8
 .debug_frame   0x0000000000000000      0x138 Core/Src/main.o
 .debug_frame   0x0000000000000138       0xc8 Core/Src/stm32f1xx_hal_msp.o
 .debug_frame   0x0000000000000200      0x13c Core/Src/stm32f1xx_it.o
 .debug_frame   0x000000000000033c       0x58 Core/Src/system_stm32f1xx.o
 .debug_frame   0x0000000000000394       0xb0 Drivers/FreeModbus/app/user_mb_app.o
 .debug_frame   0x0000000000000444       0xa0 Drivers/FreeModbus/functions/mbfuncholding.o
 .debug_frame   0x00000000000004e4       0x34 Drivers/FreeModbus/functions/mbfuncinput.o
 .debug_frame   0x0000000000000518       0x58 Drivers/FreeModbus/functions/mbfuncother.o
 .debug_frame   0x0000000000000570       0x88 Drivers/FreeModbus/functions/mbutils.o
 .debug_frame   0x00000000000005f8       0xec Drivers/FreeModbus/mb.o
 .debug_frame   0x00000000000006e4       0x50 Drivers/FreeModbus/port/portcritical.o
 .debug_frame   0x0000000000000734       0x80 Drivers/FreeModbus/port/portevent.o
 .debug_frame   0x00000000000007b4      0x130 Drivers/FreeModbus/port/portserial.o
 .debug_frame   0x00000000000008e4       0x94 Drivers/FreeModbus/port/porttimer.o
 .debug_frame   0x0000000000000978       0x38 Drivers/FreeModbus/rtu/mbcrc.o
 .debug_frame   0x00000000000009b0      0x120 Drivers/FreeModbus/rtu/mbrtu.o
 .debug_frame   0x0000000000000ad0       0x38 Drivers/LIB_PLC/FbBlink.o
 .debug_frame   0x0000000000000b08       0x38 Drivers/LIB_PLC/FbFilterA.o
 .debug_frame   0x0000000000000b40       0x38 Drivers/LIB_PLC/FbTs.o
 .debug_frame   0x0000000000000b78      0x334 Drivers/STM32F1xx_HAL_Driver/Src/stm32f1xx_hal.o
 .debug_frame   0x0000000000000eac      0x428 Drivers/STM32F1xx_HAL_Driver/Src/stm32f1xx_hal_cortex.o
 .debug_frame   0x00000000000012d4      0x208 Drivers/STM32F1xx_HAL_Driver/Src/stm32f1xx_hal_dma.o
 .debug_frame   0x00000000000014dc      0x14c Drivers/STM32F1xx_HAL_Driver/Src/stm32f1xx_hal_gpio.o
 .debug_frame   0x0000000000001628      0x218 Drivers/STM32F1xx_HAL_Driver/Src/stm32f1xx_hal_rcc.o
 .debug_frame   0x0000000000001840     0x11bc Drivers/STM32F1xx_HAL_Driver/Src/stm32f1xx_hal_tim.o
 .debug_frame   0x00000000000029fc      0x638 Drivers/STM32F1xx_HAL_Driver/Src/stm32f1xx_hal_tim_ex.o
 .debug_frame   0x0000000000003034      0x944 Drivers/STM32F1xx_HAL_Driver/Src/stm32f1xx_hal_uart.o
 .debug_frame   0x0000000000003978       0x2c c:/st/stm32cubeide_1.6.1/stm32cubeide/plugins/com.st.stm32cube.ide.mcu.externaltools.gnu-tools-for-stm32.9-2020-q2-update.win32_1.5.0.202011040924/tools/bin/../lib/gcc/arm-none-eabi/9.3.1/../../../../arm-none-eabi/lib/thumb/v7-m/nofp\libc_nano.a(lib_a-init.o)
 .debug_frame   0x00000000000039a4       0x28 c:/st/stm32cubeide_1.6.1/stm32cubeide/plugins/com.st.stm32cube.ide.mcu.externaltools.gnu-tools-for-stm32.9-2020-q2-update.win32_1.5.0.202011040924/tools/bin/../lib/gcc/arm-none-eabi/9.3.1/../../../../arm-none-eabi/lib/thumb/v7-m/nofp\libc_nano.a(lib_a-memcpy-stub.o)
 .debug_frame   0x00000000000039cc       0x20 c:/st/stm32cubeide_1.6.1/stm32cubeide/plugins/com.st.stm32cube.ide.mcu.externaltools.gnu-tools-for-stm32.9-2020-q2-update.win32_1.5.0.202011040924/tools/bin/../lib/gcc/arm-none-eabi/9.3.1/../../../../arm-none-eabi/lib/thumb/v7-m/nofp\libc_nano.a(lib_a-memset.o)
 .debug_frame   0x00000000000039ec       0xac c:/st/stm32cubeide_1.6.1/stm32cubeide/plugins/com.st.stm32cube.ide.mcu.externaltools.gnu-tools-for-stm32.9-2020-q2-update.win32_1.5.0.202011040924/tools/bin/../lib/gcc/arm-none-eabi/9.3.1/thumb/v7-m/nofp\libgcc.a(_arm_addsubdf3.o)
 .debug_frame   0x0000000000003a98       0x50 c:/st/stm32cubeide_1.6.1/stm32cubeide/plugins/com.st.stm32cube.ide.mcu.externaltools.gnu-tools-for-stm32.9-2020-q2-update.win32_1.5.0.202011040924/tools/bin/../lib/gcc/arm-none-eabi/9.3.1/thumb/v7-m/nofp\libgcc.a(_arm_muldivdf3.o)
 .debug_frame   0x0000000000003ae8       0x24 c:/st/stm32cubeide_1.6.1/stm32cubeide/plugins/com.st.stm32cube.ide.mcu.externaltools.gnu-tools-for-stm32.9-2020-q2-update.win32_1.5.0.202011040924/tools/bin/../lib/gcc/arm-none-eabi/9.3.1/thumb/v7-m/nofp\libgcc.a(_arm_truncdfsf2.o)
 .debug_frame   0x0000000000003b0c       0x4c c:/st/stm32cubeide_1.6.1/stm32cubeide/plugins/com.st.stm32cube.ide.mcu.externaltools.gnu-tools-for-stm32.9-2020-q2-update.win32_1.5.0.202011040924/tools/bin/../lib/gcc/arm-none-eabi/9.3.1/thumb/v7-m/nofp\libgcc.a(_arm_addsubsf3.o)
 .debug_frame   0x0000000000003b58       0x38 c:/st/stm32cubeide_1.6.1/stm32cubeide/plugins/com.st.stm32cube.ide.mcu.externaltools.gnu-tools-for-stm32.9-2020-q2-update.win32_1.5.0.202011040924/tools/bin/../lib/gcc/arm-none-eabi/9.3.1/thumb/v7-m/nofp\libgcc.a(_arm_muldivsf3.o)
 .debug_frame   0x0000000000003b90       0xc8 c:/st/stm32cubeide_1.6.1/stm32cubeide/plugins/com.st.stm32cube.ide.mcu.externaltools.gnu-tools-for-stm32.9-2020-q2-update.win32_1.5.0.202011040924/tools/bin/../lib/gcc/arm-none-eabi/9.3.1/thumb/v7-m/nofp\libgcc.a(_arm_cmpsf2.o)
 .debug_frame   0x0000000000003c58       0x2c c:/st/stm32cubeide_1.6.1/stm32cubeide/plugins/com.st.stm32cube.ide.mcu.externaltools.gnu-tools-for-stm32.9-2020-q2-update.win32_1.5.0.202011040924/tools/bin/../lib/gcc/arm-none-eabi/9.3.1/thumb/v7-m/nofp\libgcc.a(_aeabi_uldivmod.o)
 .debug_frame   0x0000000000003c84       0x34 c:/st/stm32cubeide_1.6.1/stm32cubeide/plugins/com.st.stm32cube.ide.mcu.externaltools.gnu-tools-for-stm32.9-2020-q2-update.win32_1.5.0.202011040924/tools/bin/../lib/gcc/arm-none-eabi/9.3.1/thumb/v7-m/nofp\libgcc.a(_udivmoddi4.o)